
06-17 14:25:47.154  2601  4914 D MiuiEmbeddingWindow: isOpaqueActivity: ActivityRecord{7ce4aec u0 
com.tarumi.reader.debug/org.acra.dialog.CrashReportDialog t2036} is not embeddedfalse false
06-17 14:25:47.154  2601  4914 D MiuiEmbeddingWindow: isOpaqueActivity: ActivityRecord{7ce4aec u0 
com.tarumi.reader.debug/org.acra.dialog.CrashReportDialog t2036} is not embeddedfalse false
06-17 14:25:47.154  2601  4914 D MiuiEmbeddingWindow: isOpaqueActivity: ActivityRecord{7ce4aec u0 
com.tarumi.reader.debug/org.acra.dialog.CrashReportDialog t2036} is not embeddedfalse false
06-17 14:25:47.155  2601  4914 D MiuiEmbeddingWindow: isOpaqueActivity: ActivityRecord{7ce4aec u0 
com.tarumi.reader.debug/org.acra.dialog.CrashReportDialog t2036} is not embeddedfalse false
06-17 14:25:47.155  2601  4914 D MiuiEmbeddingWindow: isOpaqueActivity: ActivityRecord{7ce4aec u0 
com.tarumi.reader.debug/org.acra.dialog.CrashReportDialog t2036} is not embeddedfalse false
06-17 14:25:47.155  2601  4914 D MiuiEmbeddingWindow: isOpaqueActivity: ActivityRecord{7ce4aec u0 
com.tarumi.reader.debug/org.acra.dialog.CrashReportDialog t2036} is not embeddedfalse false
06-17 14:25:47.156  2601  4914 D MiuiEmbeddingWindow: isOpaqueActivity: ActivityRecord{7ce4aec u0 
com.tarumi.reader.debug/org.acra.dialog.CrashReportDialog t2036} is not embeddedfalse false
06-17 14:25:47.156  2601  4914 D MiuiEmbeddingWindow: isOpaqueActivity: ActivityRecord{7ce4aec u0 
com.tarumi.reader.debug/org.acra.dialog.CrashReportDialog t2036} is not embeddedfalse false
06-17 14:25:47.156  2601  4914 D MiuiEmbeddingWindow: isOpaqueActivity: ActivityRecord{7ce4aec u0 
com.tarumi.reader.debug/org.acra.dialog.CrashReportDialog t2036} is not embeddedfalse false
06-17 14:25:47.156  2601  4914 D MiuiEmbeddingWindow: isOpaqueActivity: ActivityRecord{7ce4aec u0 
com.tarumi.reader.debug/org.acra.dialog.CrashReportDialog t2036} is not embeddedfalse false
06-17 14:25:47.156  2601  4914 D MiuiEmbeddingWindow: isOpaqueActivity: ActivityRecord{7ce4aec u0 
com.tarumi.reader.debug/org.acra.dialog.CrashReportDialog t2036} is not embeddedfalse false
06-17 14:25:47.156  2601  4914 D MiuiEmbeddingWindow: isOpaqueActivity: ActivityRecord{7ce4aec u0 
com.tarumi.reader.debug/org.acra.dialog.CrashReportDialog t2036} is not embeddedfalse false
06-17 14:25:47.186  2601  4914 D MiuiEmbeddingWindow: isOpaqueActivity: ActivityRecord{7ce4aec u0 
com.tarumi.reader.debug/org.acra.dialog.CrashReportDialog t2036} is not embeddedfalse false
06-17 14:25:47.186  2601  4914 D MiuiEmbeddingWindow: isOpaqueActivity: ActivityRecord{7ce4aec u0 
com.tarumi.reader.debug/org.acra.dialog.CrashReportDialog t2036} is not embeddedfalse false
06-17 14:25:47.186  2601  4914 D MiuiEmbeddingWindow: isOpaqueActivity: ActivityRecord{7ce4aec u0 
com.tarumi.reader.debug/org.acra.dialog.CrashReportDialog t2036} is not embeddedfalse false
06-17 14:25:47.186  2601  4914 D MiuiEmbeddingWindow: isOpaqueActivity: ActivityRecord{7ce4aec u0 
com.tarumi.reader.debug/org.acra.dialog.CrashReportDialog t2036} is not embeddedfalse false
06-17 14:25:47.186  2601  4914 D MiuiEmbeddingWindow: isOpaqueActivity: ActivityRecord{7ce4aec u0 
com.tarumi.reader.debug/org.acra.dialog.CrashReportDialog t2036} is not embeddedfalse false
06-17 14:25:47.186  2601  4914 D MiuiEmbeddingWindow: isOpaqueActivity: ActivityRecord{7ce4aec u0 
com.tarumi.reader.debug/org.acra.dialog.CrashReportDialog t2036} is not embeddedfalse false
06-17 14:25:47.186  2601  4914 D MiuiEmbeddingWindow: isOpaqueActivity: ActivityRecord{7ce4aec u0 
com.tarumi.reader.debug/org.acra.dialog.CrashReportDialog t2036} is not embeddedfalse false
06-17 14:25:47.186  2601  4914 D MiuiEmbeddingWindow: isOpaqueActivity: ActivityRecord{7ce4aec u0 
com.tarumi.reader.debug/org.acra.dialog.CrashReportDialog t2036} is not embeddedfalse false
06-17 14:25:47.194  2601  2755 D MiuiEmbeddingWindow: isOpaqueActivity: ActivityRecord{7ce4aec u0 
com.tarumi.reader.debug/org.acra.dialog.CrashReportDialog t2036} is not embeddedfalse false
06-17 14:25:47.195  2601  2755 D MiuiEmbeddingWindow: isOpaqueActivity: ActivityRecord{7ce4aec u0 
com.tarumi.reader.debug/org.acra.dialog.CrashReportDialog t2036} is not embeddedfalse false
06-17 14:25:47.195  2601  2755 D MiuiEmbeddingWindow: isOpaqueActivity: ActivityRecord{7ce4aec u0 
com.tarumi.reader.debug/org.acra.dialog.CrashReportDialog t2036} is not embeddedfalse false
06-17 14:25:47.195  2601  2755 D MiuiEmbeddingWindow: isOpaqueActivity: ActivityRecord{7ce4aec u0 
com.tarumi.reader.debug/org.acra.dialog.CrashReportDialog t2036} is not embeddedfalse false
06-17 14:25:47.200  2601  5542 D MiuiEmbeddingWindow: isOpaqueActivity: ActivityRecord{7ce4aec u0 
com.tarumi.reader.debug/org.acra.dialog.CrashReportDialog t2036} is not embeddedfalse false
06-17 14:25:47.200  2601  5542 D MiuiEmbeddingWindow: isOpaqueActivity: ActivityRecord{7ce4aec u0 
com.tarumi.reader.debug/org.acra.dialog.CrashReportDialog t2036} is not embeddedfalse false
06-17 14:25:47.201  4236  5633 W RecentsModel: getRunningTask   taskInfo=TaskInfo{userId=0 taskId=2036 displayId=0 
isRunning=true baseIntent=Intent { flg=0x10800000 cmp=com.tarumi.reader.debug/org.acra.dialog.CrashReportDialog } 
baseActivity=ComponentInfo{com.tarumi.reader.debug/org.acra.dialog.CrashReportDialog} 
topActivity=ComponentInfo{com.tarumi.reader.debug/org.acra.dialog.CrashReportDialog} origActivity=null 
realActivity=ComponentInfo{com.tarumi.reader.debug/org.acra.dialog.CrashReportDialog} numActivities=1 
lastActiveTime=1261700047 supportsSplitScreenMultiWindow=true mSoScDisplayMode=-1 supportsMultiWindow=true 
resizeMode=1 isResizeable=true minWidth=-1 minHeight=-1 defaultMinSize=200 
token=WCT{android.window.IWindowContainerToken$Stub$Proxy@8d26297} topActivityType=1 pictureInPictureParams=null 
shouldDockBigOverlays=false launchIntoPipHostTaskId=-1 lastParentTaskIdBeforePip=-1 displayCutoutSafeInsets=Rect(0, 
111 - 0, 0) topActivityInfo=ActivityInfo{3682c84 org.acra.dialog.CrashReportDialog} launchCookies=[] 
positionInParent=Point(0, 0) parentTaskId=-1 isFocused=true isVisible=true isVisibleRequested=true isSleeping=false 
locusId=null displayAreaFeatureId=1 isTopActivityTransparent=true appCompatTaskInfo=AppCompatTaskInfo { 
topActivityInSizeCompat=false topActivityInMiuiSizeCompat=false topActivityEligibleForLetterboxEducation= 
falseisLetterboxEducationEnabled= false isLetterboxDoubleTapEnabled= false 
topActivityEligibleForUserAspectRatioButton= false topActivityBoundsLetterboxed= false isFromLetterboxDoubleTap= false 
topActivityLetterboxVerticalPosition= -1 topActivityLetterboxHorizontalPosition= -1 topActivityLetterboxWidth=1080 
topActivityLetterboxHeight=2400 isUserFullscreenOverrideEnabled=false isSystemFullscreenOverrideEnabled=false 
cameraCompatTaskInfo=CameraCompatTaskInfo { cameraCompatControlState=hidden freeformCameraCompatMode=inactive}} 
isImmersive=false mTopActivityRequestOrientation=-2 mBehindAppLockPkg=null mOriginatingUid=0 isEmbedded=false 
shouldBeVisible=true isCreatedByOrganizer=false mIsCastMode=false mTopActivityMediaSize=null 
mTopActivityRecordName=ActivityRecord{7ce4aec u0 com.tarumi.reader.debug/org.acra.dialog.CrashReportDialog t2036} 
mTopActivityOrientation=-1}
06-17 14:25:47.217  2601  4479 D WindowManager: Collecting in transition 14297: ActivityRecord{7ce4aec u0 
com.tarumi.reader.debug/org.acra.dialog.CrashReportDialog t2036} init visibleRequested:true
06-17 14:25:47.326  6240 17251 E ader.debug:acra: FrameInsert open fail: No such file or directory
06-17 14:25:47.876  2601  3195 I SmartPower: com.tarumi.reader.debug:acra/11058(6240): visible->invisible(63623ms) 
R(become invisible) adj=200.
06-17 14:25:49.422 20297 20995 W System.err: FlagsHookHelper: skip hook flags method getInstanceHook
06-17 14:25:49.620 20297 21368 W System.err: FlagsHookHelper: skip hook flags method getInstanceHook
06-17 14:25:49.811 20297 22162 W System.err: FlagsHookHelper: skip hook flags method getInstanceHook
06-17 14:25:50.093 20297 20993 W System.err: FlagsHookHelper: skip hook flags method getInstanceHook
06-17 14:25:50.440 20297 20993 W System.err: FlagsHookHelper: skip hook flags method getInstanceHook
06-17 14:25:50.731 20297 21355 W System.err: FlagsHookHelper: skip hook flags method getInstanceHook
06-17 14:25:50.824 20297 21751 W System.err: FlagsHookHelper: skip hook flags method getInstanceHook
06-17 14:25:50.848 20297 21741 W System.err: FlagsHookHelper: skip hook flags method getInstanceHook
06-17 14:25:51.030 20297 21946 W System.err: FlagsHookHelper: skip hook flags method getInstanceHook
06-17 14:25:51.502 20297 21991 W System.err: FlagsHookHelper: skip hook flags method getInstanceHook
06-17 14:25:51.910  2601  3949 W ProcessCpuTracker: Failed to stat(/proc/22258): android.system.ErrnoException: stat 
failed: ENOENT (No such file or directory)
06-17 14:25:51.911  2601  3949 W ProcessCpuTracker: Failed to stat(/proc/22296): android.system.ErrnoException: stat 
failed: ENOENT (No such file or directory)
06-17 14:25:51.911  2601  3949 W ProcessCpuTracker: Failed to stat(/proc/22297): android.system.ErrnoException: stat 
failed: ENOENT (No such file or directory)
06-17 14:25:51.911  2601  3949 W ProcessCpuTracker: Failed to stat(/proc/22298): android.system.ErrnoException: stat 
failed: ENOENT (No such file or directory)
06-17 14:25:52.017 20297 21709 W System.err: FlagsHookHelper: skip hook flags method getInstanceHook
06-17 14:25:53.299 20297 20665 W System.err: FlagsHookHelper: skip hook flags method getInstanceHook
06-17 14:25:54.198 20297 20994 W System.err: FlagsHookHelper: skip hook flags method getInstanceHook
06-17 14:25:56.023 20297 22405 W System.err: FlagsHookHelper: skip hook flags method getInstanceHook
06-17 14:25:56.566 20297 20665 W System.err: FlagsHookHelper: skip hook flags method getInstanceHook
06-17 14:25:57.968 20297 21992 W System.err: FlagsHookHelper: skip hook flags method getInstanceHook
06-17 14:25:58.371 20297 21455 W System.err: FlagsHookHelper: skip hook flags method getInstanceHook
06-17 14:25:59.425 17101 17101 E ACRA    : ACRA caught a NotFoundException for com.tarumi.reader.debug
06-17 14:25:59.425 17101 17101 E ACRA    : android.content.res.Resources$NotFoundException: Font resource ID 
#0x7f090000 could not be retrieved.
06-17 14:25:59.425 17101 17101 E ACRA    : 	at 
androidx.core.content.res.ResourcesCompat.loadFont(ResourcesCompat.java:531)
06-17 14:25:59.425 17101 17101 E ACRA    : 	at 
androidx.core.content.res.ResourcesCompat.getFont(ResourcesCompat.java:375)
06-17 14:25:59.425 17101 17101 E ACRA    : 	at 
org.koitharu.kotatsu.ai.ui.AskAiFragment.addUserBubble(AskAiFragment.kt:227)
06-17 14:25:59.425 17101 17101 E ACRA    : 	at 
org.koitharu.kotatsu.ai.ui.AskAiFragment.renderMessages(AskAiFragment.kt:187)
06-17 14:25:59.425 17101 17101 E ACRA    : 	at 
org.koitharu.kotatsu.ai.ui.AskAiFragment.renderState(AskAiFragment.kt:171)
06-17 14:25:59.425 17101 17101 E ACRA    : 	at 
org.koitharu.kotatsu.ai.ui.AskAiFragment.onViewBindingCreated$renderState(AskAiFragment.kt:96)
06-17 14:25:59.425 17101 17101 E ACRA    : 	at 
org.koitharu.kotatsu.ai.ui.AskAiFragment.access$onViewBindingCreated$renderState(AskAiFragment.kt:42)
06-17 14:25:59.425 17101 17101 E ACRA    : 	at 
org.koitharu.kotatsu.ai.ui.AskAiFragment$onViewBindingCreated$11.emit(AskAiFragment.kt:96)
06-17 14:25:59.425 17101 17101 E ACRA    : 	at 
org.koitharu.kotatsu.ai.ui.AskAiFragment$onViewBindingCreated$11.emit(AskAiFragment.kt:96)
06-17 14:25:59.425 17101 17101 E ACRA    : 	at kotlinx.coroutines.flow.StateFlowImpl.collect(StateFlow.kt:401)
06-17 14:25:59.425 17101 17101 E ACRA    : 	at 
org.koitharu.kotatsu.core.util.ext.FlowObserverKt$observe$1.invokeSuspend(FlowObserver.kt:17)
06-17 14:25:59.425 17101 17101 E ACRA    : 	at 
org.koitharu.kotatsu.core.util.ext.FlowObserverKt$observe$1.invoke(Unknown Source:8)
06-17 14:25:59.425 17101 17101 E ACRA    : 	at 
org.koitharu.kotatsu.core.util.ext.FlowObserverKt$observe$1.invoke(Unknown Source:4)
06-17 14:25:59.425 17101 17101 E ACRA    : 	at 
kotlinx.coroutines.intrinsics.UndispatchedKt.startCoroutineUndispatched(Undispatched.kt:20)
06-17 14:25:59.425 17101 17101 E ACRA    : 	at kotlinx.coroutines.CoroutineStart.invoke(CoroutineStart.kt:360)
06-17 14:25:59.425 17101 17101 E ACRA    : 	at kotlinx.coroutines.AbstractCoroutine.start(AbstractCoroutine.kt:134)
06-17 14:25:59.425 17101 17101 E ACRA    : 	at 
kotlinx.coroutines.BuildersKt__Builders_commonKt.launch(Builders.common.kt:53)
06-17 14:25:59.425 17101 17101 E ACRA    : 	at kotlinx.coroutines.BuildersKt.launch(Unknown Source:1)
06-17 14:25:59.425 17101 17101 E ACRA    : 	at 
kotlinx.coroutines.BuildersKt__Builders_commonKt.launch$default(Builders.common.kt:44)
06-17 14:25:59.425 17101 17101 E ACRA    : 	at kotlinx.coroutines.BuildersKt.launch$default(Unknown Source:1)
06-17 14:25:59.425 17101 17101 E ACRA    : 	at 
org.koitharu.kotatsu.core.util.ext.FlowObserverKt.observe(FlowObserver.kt:16)
06-17 14:25:59.425 17101 17101 E ACRA    : 	at 
org.koitharu.kotatsu.ai.ui.AskAiFragment.onViewBindingCreated(AskAiFragment.kt:96)
06-17 14:25:59.425 17101 17101 E ACRA    : 	at 
org.koitharu.kotatsu.ai.ui.AskAiFragment.onViewBindingCreated(AskAiFragment.kt:42)
06-17 14:25:59.425 17101 17101 E ACRA    : 	at 
org.koitharu.kotatsu.core.ui.BaseFragment.onViewCreated(BaseFragment.kt:48)
06-17 14:25:59.425 17101 17101 E ACRA    : 	at androidx.fragment.app.Fragment.performViewCreated(Fragment.java:3152)
06-17 14:25:59.425 17101 17101 E ACRA    : 	at 
androidx.fragment.app.FragmentStateManager.createView(FragmentStateManager.java:608)
06-17 14:25:59.425 17101 17101 E ACRA    : 	at 
androidx.fragment.app.FragmentStateManager.moveToExpectedState(FragmentStateManager.java:286)
06-17 14:25:59.425 17101 17101 E ACRA    : 	at 
androidx.fragment.app.FragmentManager.executeOpsTogether(FragmentManager.java:2214)
06-17 14:25:59.425 17101 17101 E ACRA    : 	at 
androidx.fragment.app.FragmentManager.removeRedundantOperationsAndExecute(FragmentManager.java:2115)
06-17 14:25:59.425 17101 17101 E ACRA    : 	at 
androidx.fragment.app.FragmentManager.execPendingActions(FragmentManager.java:2052)
06-17 14:25:59.425 17101 17101 E ACRA    : 	at androidx.fragment.app.FragmentManager$5.run(FragmentManager.java:703)
06-17 14:25:59.425 17101 17101 E ACRA    : 	at android.os.Handler.handleCallback(Handler.java:959)
06-17 14:25:59.425 17101 17101 E ACRA    : 	at android.os.Handler.dispatchMessage(Handler.java:100)
06-17 14:25:59.425 17101 17101 E ACRA    : 	at android.os.Looper.loopOnce(Looper.java:249)
06-17 14:25:59.425 17101 17101 E ACRA    : 	at android.os.Looper.loop(Looper.java:337)
06-17 14:25:59.425 17101 17101 E ACRA    : 	at android.app.ActivityThread.main(ActivityThread.java:9682)
06-17 14:25:59.425 17101 17101 E ACRA    : 	at java.lang.reflect.Method.invoke(Native Method)
06-17 14:25:59.425 17101 17101 E ACRA    : 	at 
com.android.internal.os.RuntimeInit$MethodAndArgsCaller.run(RuntimeInit.java:625)
06-17 14:25:59.425 17101 17101 E ACRA    : 	at com.android.internal.os.ZygoteInit.main(ZygoteInit.java:944)
06-17 14:25:59.425 17101 17101 E ACRA    : 	Suppressed: 
kotlinx.coroutines.internal.DiagnosticCoroutineContextException: [StandaloneCoroutine{Cancelling}@94c3f8f, 
Dispatchers.Main.immediate]
06-17 14:25:59.448  4757  4757 D KeyguardEditorHelper: onTopActivityMayChanged, 
topActivity=ComponentInfo{com.tarumi.reader.debug/org.acra.dialog.CrashReportDialog}; mState=IDEL
06-17 14:25:59.480  2601  5824 D WindowManager: Collecting in transition 14298: ActivityRecord{c07b57b u0 
com.tarumi.reader.debug/org.acra.dialog.CrashReportDialog init visibleRequested:false
06-17 14:25:59.482  2601  5824 I ActivityTaskManager: START u0 {flg=0x10000000 
cmp=com.tarumi.reader.debug/org.acra.dialog.CrashReportDialog (has extras)} with LAUNCH_SINGLE_INSTANCE from uid 11058 
from pid 17101 callingPackage com.tarumi.reader.debug (BAL_ALLOW_VISIBLE_WINDOW) result code=3
06-17 14:25:59.485 17101 17101 I Process : 	at org.acra.util.ProcessFinisher.killProcessAndExit(ProcessFinisher.kt:91)
06-17 14:25:59.485 17101 17101 I Process : 	at org.acra.util.ProcessFinisher.endApplication(ProcessFinisher.kt:41)
06-17 14:25:59.485 17101 17101 I Process : 	at org.acra.builder.ReportExecutor.endApplication(ReportExecutor.kt:186)
06-17 14:25:59.485 17101 17101 I Process : 	at org.acra.builder.ReportExecutor.execute(ReportExecutor.kt:170)
06-17 14:25:59.485 17101 17101 I Process : 	at org.acra.builder.ReportBuilder.build(ReportBuilder.kt:151)
06-17 14:25:59.485 17101 17101 I Process : 	at 
org.acra.reporter.ErrorReporterImpl.uncaughtException(ErrorReporterImpl.kt:105)
06-17 14:25:59.489  4757  4945 D WindowManagerShell: onActivityRestartAttempt: 
ComponentInfo{com.tarumi.reader.debug/org.acra.dialog.CrashReportDialog}
06-17 14:25:59.694  2601  5824 D WindowManager: Collecting in transition 14298: ActivityRecord{7ce4aec u0 
com.tarumi.reader.debug/org.acra.dialog.CrashReportDialog t2036} init visibleRequested:false
06-17 14:25:59.695  2601  5824 D MiuiEmbeddingWindow: isOpaqueActivity: ActivityRecord{7ce4aec u0 
com.tarumi.reader.debug/org.acra.dialog.CrashReportDialog t2036} is not embeddedfalse false
06-17 14:25:59.695  2601  5824 D MiuiEmbeddingWindow: isOpaqueActivity: ActivityRecord{7ce4aec u0 
com.tarumi.reader.debug/org.acra.dialog.CrashReportDialog t2036} is not embeddedfalse false
06-17 14:25:59.695  2601  5824 D MiuiEmbeddingWindow: isOpaqueActivity: ActivityRecord{7ce4aec u0 
com.tarumi.reader.debug/org.acra.dialog.CrashReportDialog t2036} is not embeddedfalse false
06-17 14:25:59.695  6240  6240 I ForceDarkHelperStubImpl: setViewRootImplForceDark: false for 
org.acra.dialog.CrashReportDialog@ac8a7f0, reason: AppDarkModeEnable
06-17 14:25:59.696  6240  6240 I ForceDarkHelperStubImpl: setViewRootImplForceDark: false for 
org.acra.dialog.CrashReportDialog@ac8a7f0, reason: AppDarkModeEnable
06-17 14:25:59.696  2601  5824 D MiuiEmbeddingWindow: isOpaqueActivity: ActivityRecord{7ce4aec u0 
com.tarumi.reader.debug/org.acra.dialog.CrashReportDialog t2036} is not embeddedfalse false
06-17 14:25:59.696  2601  5824 D MiuiEmbeddingWindow: isOpaqueActivity: ActivityRecord{7ce4aec u0 
com.tarumi.reader.debug/org.acra.dialog.CrashReportDialog t2036} is not embeddedfalse false
06-17 14:25:59.696  2601  5824 D MiuiEmbeddingWindow: isOpaqueActivity: ActivityRecord{7ce4aec u0 
com.tarumi.reader.debug/org.acra.dialog.CrashReportDialog t2036} is not embeddedfalse false
06-17 14:25:59.696  2601  5824 D MiuiEmbeddingWindow: isOpaqueActivity: ActivityRecord{7ce4aec u0 
com.tarumi.reader.debug/org.acra.dialog.CrashReportDialog t2036} is not embeddedfalse false
06-17 14:25:59.696  2601  5824 D MiuiEmbeddingWindow: isOpaqueActivity: ActivityRecord{7ce4aec u0 
com.tarumi.reader.debug/org.acra.dialog.CrashReportDialog t2036} is not embeddedfalse false
06-17 14:25:59.696  2601  5824 D MiuiEmbeddingWindow: isOpaqueActivity: ActivityRecord{7ce4aec u0 
com.tarumi.reader.debug/org.acra.dialog.CrashReportDialog t2036} is not embeddedfalse false
06-17 14:25:59.696  2601  5824 D MiuiEmbeddingWindow: isOpaqueActivity: ActivityRecord{7ce4aec u0 
com.tarumi.reader.debug/org.acra.dialog.CrashReportDialog t2036} is not embeddedfalse false
06-17 14:25:59.696  2601  5824 D MiuiEmbeddingWindow: isOpaqueActivity: ActivityRecord{7ce4aec u0 
com.tarumi.reader.debug/org.acra.dialog.CrashReportDialog t2036} is not embeddedfalse false
06-17 14:25:59.696  2601  5824 D MiuiEmbeddingWindow: isOpaqueActivity: ActivityRecord{7ce4aec u0 
com.tarumi.reader.debug/org.acra.dialog.CrashReportDialog t2036} is not embeddedfalse false
06-17 14:25:59.696  2601  5824 D MiuiEmbeddingWindow: isOpaqueActivity: ActivityRecord{7ce4aec u0 
com.tarumi.reader.debug/org.acra.dialog.CrashReportDialog t2036} is not embeddedfalse false
06-17 14:25:59.696  2601  5824 D MiuiEmbeddingWindow: isOpaqueActivity: ActivityRecord{7ce4aec u0 
com.tarumi.reader.debug/org.acra.dialog.CrashReportDialog t2036} is not embeddedfalse false
06-17 14:25:59.696  2601  5824 D MiuiEmbeddingWindow: isOpaqueActivity: ActivityRecord{7ce4aec u0 
com.tarumi.reader.debug/org.acra.dialog.CrashReportDialog t2036} is not embeddedfalse false
06-17 14:25:59.696  2601  5824 D MiuiEmbeddingWindow: isOpaqueActivity: ActivityRecord{7ce4aec u0 
com.tarumi.reader.debug/org.acra.dialog.CrashReportDialog t2036} is not embeddedfalse false
06-17 14:25:59.696  2601  5824 D MiuiEmbeddingWindow: isOpaqueActivity: ActivityRecord{7ce4aec u0 
com.tarumi.reader.debug/org.acra.dialog.CrashReportDialog t2036} is not embeddedfalse false
06-17 14:25:59.696  2601  5824 D MiuiEmbeddingWindow: isOpaqueActivity: ActivityRecord{7ce4aec u0 
com.tarumi.reader.debug/org.acra.dialog.CrashReportDialog t2036} is not embeddedfalse false
06-17 14:25:59.696  2601  5824 D MiuiEmbeddingWindow: isOpaqueActivity: ActivityRecord{7ce4aec u0 
com.tarumi.reader.debug/org.acra.dialog.CrashReportDialog t2036} is not embeddedfalse false
06-17 14:25:59.697  2601  5824 D MiuiEmbeddingWindow: isOpaqueActivity: ActivityRecord{7ce4aec u0 
com.tarumi.reader.debug/org.acra.dialog.CrashReportDialog t2036} is not embeddedfalse false
06-17 14:25:59.697  2601  5824 D MiuiEmbeddingWindow: isOpaqueActivity: ActivityRecord{7ce4aec u0 
com.tarumi.reader.debug/org.acra.dialog.CrashReportDialog t2036} is not embeddedfalse false
06-17 14:25:59.697  2601  5824 D MiuiEmbeddingWindow: isOpaqueActivity: ActivityRecord{7ce4aec u0 
com.tarumi.reader.debug/org.acra.dialog.CrashReportDialog t2036} is not embeddedfalse false
06-17 14:25:59.697  2601  5824 D MiuiEmbeddingWindow: isOpaqueActivity: ActivityRecord{7ce4aec u0 
com.tarumi.reader.debug/org.acra.dialog.CrashReportDialog t2036} is not embeddedfalse false
06-17 14:25:59.698  2601  5824 D MiuiEmbeddingWindow: isOpaqueActivity: ActivityRecord{7ce4aec u0 
com.tarumi.reader.debug/org.acra.dialog.CrashReportDialog t2036} is not embeddedfalse false
06-17 14:25:59.698  2601  5824 D MiuiEmbeddingWindow: isOpaqueActivity: ActivityRecord{7ce4aec u0 
com.tarumi.reader.debug/org.acra.dialog.CrashReportDialog t2036} is not embeddedfalse false
06-17 14:25:59.698  2601  5824 D MiuiEmbeddingWindow: isOpaqueActivity: ActivityRecord{7ce4aec u0 
com.tarumi.reader.debug/org.acra.dialog.CrashReportDialog t2036} is not embeddedfalse false
06-17 14:25:59.698  2601  5824 D MiuiEmbeddingWindow: isOpaqueActivity: ActivityRecord{7ce4aec u0 
com.tarumi.reader.debug/org.acra.dialog.CrashReportDialog t2036} is not embeddedfalse false
06-17 14:25:59.698  2601  5824 D MiuiEmbeddingWindow: isOpaqueActivity: ActivityRecord{7ce4aec u0 
com.tarumi.reader.debug/org.acra.dialog.CrashReportDialog t2036} is not embeddedfalse false
06-17 14:25:59.698  2601  5824 D MiuiEmbeddingWindow: isOpaqueActivity: ActivityRecord{7ce4aec u0 
com.tarumi.reader.debug/org.acra.dialog.CrashReportDialog t2036} is not embeddedfalse false
06-17 14:25:59.698  2601  5824 D MiuiEmbeddingWindow: isOpaqueActivity: ActivityRecord{7ce4aec u0 
com.tarumi.reader.debug/org.acra.dialog.CrashReportDialog t2036} is not embeddedfalse false
06-17 14:25:59.698  2601  5824 D MiuiEmbeddingWindow: isOpaqueActivity: ActivityRecord{7ce4aec u0 
com.tarumi.reader.debug/org.acra.dialog.CrashReportDialog t2036} is not embeddedfalse false
06-17 14:25:59.698  2601  5824 D MiuiEmbeddingWindow: isOpaqueActivity: ActivityRecord{7ce4aec u0 
com.tarumi.reader.debug/org.acra.dialog.CrashReportDialog t2036} is not embeddedfalse false
06-17 14:25:59.698  2601  5824 D MiuiEmbeddingWindow: isOpaqueActivity: ActivityRecord{7ce4aec u0 
com.tarumi.reader.debug/org.acra.dialog.CrashReportDialog t2036} is not embeddedfalse false
06-17 14:25:59.698  2601  5824 D MiuiEmbeddingWindow: isOpaqueActivity: ActivityRecord{7ce4aec u0 
com.tarumi.reader.debug/org.acra.dialog.CrashReportDialog t2036} is not embeddedfalse false
06-17 14:25:59.698  2601  5824 D MiuiEmbeddingWindow: isOpaqueActivity: ActivityRecord{7ce4aec u0 
com.tarumi.reader.debug/org.acra.dialog.CrashReportDialog t2036} is not embeddedfalse false
06-17 14:25:59.698  2601  5824 D MiuiEmbeddingWindow: isOpaqueActivity: ActivityRecord{7ce4aec u0 
com.tarumi.reader.debug/org.acra.dialog.CrashReportDialog t2036} is not embeddedfalse false
06-17 14:25:59.698  2601  5824 D MiuiEmbeddingWindow: isOpaqueActivity: ActivityRecord{7ce4aec u0 
com.tarumi.reader.debug/org.acra.dialog.CrashReportDialog t2036} is not embeddedfalse false
06-17 14:25:59.698  2601  5824 D MiuiEmbeddingWindow: isOpaqueActivity: ActivityRecord{7ce4aec u0 
com.tarumi.reader.debug/org.acra.dialog.CrashReportDialog t2036} is not embeddedfalse false
06-17 14:25:59.698  2601  5824 D MiuiEmbeddingWindow: isOpaqueActivity: ActivityRecord{7ce4aec u0 
com.tarumi.reader.debug/org.acra.dialog.CrashReportDialog t2036} is not embeddedfalse false
06-17 14:25:59.698  2601  5824 D MiuiEmbeddingWindow: isOpaqueActivity: ActivityRecord{7ce4aec u0 
com.tarumi.reader.debug/org.acra.dialog.CrashReportDialog t2036} is not embeddedfalse false
06-17 14:25:59.699  2601  5824 D MiuiEmbeddingWindow: isOpaqueActivity: ActivityRecord{7ce4aec u0 
com.tarumi.reader.debug/org.acra.dialog.CrashReportDialog t2036} is not embeddedfalse false
06-17 14:25:59.699  2601  5824 D MiuiEmbeddingWindow: isOpaqueActivity: ActivityRecord{7ce4aec u0 
com.tarumi.reader.debug/org.acra.dialog.CrashReportDialog t2036} is not embeddedfalse false
06-17 14:25:59.699  2601  5824 D MiuiEmbeddingWindow: isOpaqueActivity: ActivityRecord{7ce4aec u0 
com.tarumi.reader.debug/org.acra.dialog.CrashReportDialog t2036} is not embeddedfalse false
06-17 14:25:59.699  2601  5824 D MiuiEmbeddingWindow: isOpaqueActivity: ActivityRecord{7ce4aec u0 
com.tarumi.reader.debug/org.acra.dialog.CrashReportDialog t2036} is not embeddedfalse false
06-17 14:25:59.699  2601  5824 D MiuiEmbeddingWindow: isOpaqueActivity: ActivityRecord{7ce4aec u0 
com.tarumi.reader.debug/org.acra.dialog.CrashReportDialog t2036} is not embeddedfalse false
06-17 14:25:59.699  2601  5824 D MiuiEmbeddingWindow: isOpaqueActivity: ActivityRecord{7ce4aec u0 
com.tarumi.reader.debug/org.acra.dialog.CrashReportDialog t2036} is not embeddedfalse false
06-17 14:25:59.699  2601  5824 D MiuiEmbeddingWindow: isOpaqueActivity: ActivityRecord{7ce4aec u0 
com.tarumi.reader.debug/org.acra.dialog.CrashReportDialog t2036} is not embeddedfalse false
06-17 14:25:59.699  2601  5824 D MiuiEmbeddingWindow: isOpaqueActivity: ActivityRecord{7ce4aec u0 
com.tarumi.reader.debug/org.acra.dialog.CrashReportDialog t2036} is not embeddedfalse false
06-17 14:25:59.699  2601  5824 D MiuiEmbeddingWindow: isOpaqueActivity: ActivityRecord{7ce4aec u0 
com.tarumi.reader.debug/org.acra.dialog.CrashReportDialog t2036} is not embeddedfalse false
06-17 14:25:59.699  2601  5824 D MiuiEmbeddingWindow: isOpaqueActivity: ActivityRecord{7ce4aec u0 
com.tarumi.reader.debug/org.acra.dialog.CrashReportDialog t2036} is not embeddedfalse false
06-17 14:25:59.699  2601  5824 D MiuiEmbeddingWindow: isOpaqueActivity: ActivityRecord{7ce4aec u0 
com.tarumi.reader.debug/org.acra.dialog.CrashReportDialog t2036} is not embeddedfalse false
06-17 14:25:59.699  2601  5824 D MiuiEmbeddingWindow: isOpaqueActivity: ActivityRecord{7ce4aec u0 
com.tarumi.reader.debug/org.acra.dialog.CrashReportDialog t2036} is not embeddedfalse false
06-17 14:25:59.699  2601  5824 D MiuiEmbeddingWindow: isOpaqueActivity: ActivityRecord{7ce4aec u0 
com.tarumi.reader.debug/org.acra.dialog.CrashReportDialog t2036} is not embeddedfalse false
06-17 14:25:59.699  2601  5824 D MiuiEmbeddingWindow: isOpaqueActivity: ActivityRecord{7ce4aec u0 
com.tarumi.reader.debug/org.acra.dialog.CrashReportDialog t2036} is not embeddedfalse false
06-17 14:25:59.699  2601  5824 D MiuiEmbeddingWindow: isOpaqueActivity: ActivityRecord{7ce4aec u0 
com.tarumi.reader.debug/org.acra.dialog.CrashReportDialog t2036} is not embeddedfalse false
06-17 14:25:59.699  2601  5824 D MiuiEmbeddingWindow: isOpaqueActivity: ActivityRecord{7ce4aec u0 
com.tarumi.reader.debug/org.acra.dialog.CrashReportDialog t2036} is not embeddedfalse false
06-17 14:25:59.699  2601  5824 D MiuiEmbeddingWindow: isOpaqueActivity: ActivityRecord{7ce4aec u0 
com.tarumi.reader.debug/org.acra.dialog.CrashReportDialog t2036} is not embeddedfalse false
06-17 14:25:59.699  2601  5824 D MiuiEmbeddingWindow: isOpaqueActivity: ActivityRecord{7ce4aec u0 
com.tarumi.reader.debug/org.acra.dialog.CrashReportDialog t2036} is not embeddedfalse false
06-17 14:25:59.699  2601  5824 D MiuiEmbeddingWindow: isOpaqueActivity: ActivityRecord{7ce4aec u0 
com.tarumi.reader.debug/org.acra.dialog.CrashReportDialog t2036} is not embeddedfalse false
06-17 14:25:59.699  2601  5824 D MiuiEmbeddingWindow: isOpaqueActivity: ActivityRecord{7ce4aec u0 
com.tarumi.reader.debug/org.acra.dialog.CrashReportDialog t2036} is not embeddedfalse false
06-17 14:25:59.700  2601  5824 D MiuiEmbeddingWindow: isOpaqueActivity: ActivityRecord{7ce4aec u0 
com.tarumi.reader.debug/org.acra.dialog.CrashReportDialog t2036} is not embeddedfalse false
06-17 14:25:59.700  2601  5824 D MiuiEmbeddingWindow: isOpaqueActivity: ActivityRecord{7ce4aec u0 
com.tarumi.reader.debug/org.acra.dialog.CrashReportDialog t2036} is not embeddedfalse false
06-17 14:25:59.700  2601  5824 D MiuiEmbeddingWindow: isOpaqueActivity: ActivityRecord{7ce4aec u0 
com.tarumi.reader.debug/org.acra.dialog.CrashReportDialog t2036} is not embeddedfalse false
06-17 14:25:59.700  2601  5824 D MiuiEmbeddingWindow: isOpaqueActivity: ActivityRecord{7ce4aec u0 
com.tarumi.reader.debug/org.acra.dialog.CrashReportDialog t2036} is not embeddedfalse false
06-17 14:25:59.700  2601  5824 D MiuiEmbeddingWindow: isOpaqueActivity: ActivityRecord{7ce4aec u0 
com.tarumi.reader.debug/org.acra.dialog.CrashReportDialog t2036} is not embeddedfalse false
06-17 14:25:59.700  2601  5824 D MiuiEmbeddingWindow: isOpaqueActivity: ActivityRecord{7ce4aec u0 
com.tarumi.reader.debug/org.acra.dialog.CrashReportDialog t2036} is not embeddedfalse false
06-17 14:25:59.700  2601  5824 D MiuiEmbeddingWindow: isOpaqueActivity: ActivityRecord{7ce4aec u0 
com.tarumi.reader.debug/org.acra.dialog.CrashReportDialog t2036} is not embeddedfalse false
06-17 14:25:59.700  2601  5824 D MiuiEmbeddingWindow: isOpaqueActivity: ActivityRecord{7ce4aec u0 
com.tarumi.reader.debug/org.acra.dialog.CrashReportDialog t2036} is not embeddedfalse false
06-17 14:25:59.700  2601  5824 D MiuiEmbeddingWindow: isOpaqueActivity: ActivityRecord{7ce4aec u0 
com.tarumi.reader.debug/org.acra.dialog.CrashReportDialog t2036} is not embeddedfalse false
06-17 14:25:59.700  2601  5824 D MiuiEmbeddingWindow: isOpaqueActivity: ActivityRecord{7ce4aec u0 
com.tarumi.reader.debug/org.acra.dialog.CrashReportDialog t2036} is not embeddedfalse false
06-17 14:25:59.700  2601  5824 D MiuiEmbeddingWindow: isOpaqueActivity: ActivityRecord{7ce4aec u0 
com.tarumi.reader.debug/org.acra.dialog.CrashReportDialog t2036} is not embeddedfalse false
06-17 14:25:59.700  2601  5824 D MiuiEmbeddingWindow: isOpaqueActivity: ActivityRecord{7ce4aec u0 
com.tarumi.reader.debug/org.acra.dialog.CrashReportDialog t2036} is not embeddedfalse false
06-17 14:25:59.700  2601  5824 D MiuiEmbeddingWindow: isOpaqueActivity: ActivityRecord{7ce4aec u0 
com.tarumi.reader.debug/org.acra.dialog.CrashReportDialog t2036} is not embeddedfalse false
06-17 14:25:59.700  2601  5824 D MiuiEmbeddingWindow: isOpaqueActivity: ActivityRecord{7ce4aec u0 
com.tarumi.reader.debug/org.acra.dialog.CrashReportDialog t2036} is not embeddedfalse false
06-17 14:25:59.700  2601  5824 D MiuiEmbeddingWindow: isOpaqueActivity: ActivityRecord{7ce4aec u0 
com.tarumi.reader.debug/org.acra.dialog.CrashReportDialog t2036} is not embeddedfalse false
06-17 14:25:59.700  2601  5824 D MiuiEmbeddingWindow: isOpaqueActivity: ActivityRecord{7ce4aec u0 
com.tarumi.reader.debug/org.acra.dialog.CrashReportDialog t2036} is not embeddedfalse false
06-17 14:25:59.700  2601  5824 D MiuiEmbeddingWindow: isOpaqueActivity: ActivityRecord{7ce4aec u0 
com.tarumi.reader.debug/org.acra.dialog.CrashReportDialog t2036} is not embeddedfalse false
06-17 14:25:59.700  2601  5824 D MiuiEmbeddingWindow: isOpaqueActivity: ActivityRecord{7ce4aec u0 
com.tarumi.reader.debug/org.acra.dialog.CrashReportDialog t2036} is not embeddedfalse false
06-17 14:25:59.701  2601  5824 D MiuiEmbeddingWindow: isOpaqueActivity: ActivityRecord{7ce4aec u0 
com.tarumi.reader.debug/org.acra.dialog.CrashReportDialog t2036} is not embeddedfalse false
06-17 14:25:59.712  4757  4945 D MiuiFreeformModeController: onFocusTaskChanged taskInfo: TaskInfo{userId=0 
taskId=2036 displayId=0 isRunning=true baseIntent=Intent { flg=0x10800000 
cmp=com.tarumi.reader.debug/org.acra.dialog.CrashReportDialog } 
baseActivity=ComponentInfo{com.tarumi.reader.debug/org.acra.dialog.CrashReportDialog} 
topActivity=ComponentInfo{com.tarumi.reader.debug/org.acra.dialog.CrashReportDialog} origActivity=null 
realActivity=ComponentInfo{com.tarumi.reader.debug/org.acra.dialog.CrashReportDialog} numActivities=1 
lastActiveTime=1261712538 supportsSplitScreenMultiWindow=true mSoScDisplayMode=-1 supportsMultiWindow=true 
resizeMode=1 isResizeable=true minWidth=-1 minHeight=-1 defaultMinSize=200 
token=WCT{android.window.IWindowContainerToken$Stub$Proxy@2e92cff} topActivityType=1 pictureInPictureParams=null 
shouldDockBigOverlays=false launchIntoPipHostTaskId=-1 lastParentTaskIdBeforePip=-1 displayCutoutSafeInsets=Rect(0, 
111 - 0, 0) topActivityInfo=ActivityInfo{5380acc org.acra.dialog.CrashReportDialog} launchCookies=[] 
positionInParent=Point(0, 0) parentTaskId=-1 isFocused=true isVisible=false isVisibleRequested=true isSleeping=false 
locusId=null displayAreaFeatureId=1 isTopActivityTransparent=true appCompatTaskInfo=AppCompatTaskInfo { 
topActivityInSizeCompat=false topActivityInMiuiSizeCompat=false topActivityEligibleForLetterboxEducation= 
falseisLetterboxEducationEnabled= false isLetterboxDoubleTapEnabled= false 
topActivityEligibleForUserAspectRatioButton= false topActivityBoundsLetterboxed= false isFromLetterboxDoubleTap= false 
topActivityLetterboxVerticalPosition= -1 topActivityLetterboxHorizontalPosition= -1 topActivityLetterboxWidth=1080 
topActivityLetterboxHeight=2400 isUserFullscreenOverrideEnabled=false isSystemFullscreenOverrideEnabled=false 
cameraCompatTaskInfo=CameraCompatTaskInfo { cameraCompatControlState=hidden freeformCameraCompatMode=inactive}} 
isImmersive=false mTopActivityRequestOrientation=-2 mBehindAppLockPkg=null mOriginatingUid=0 isEmbedded=false 
shouldBeVisible=true isCreatedByOrganizer=false mIsCastMode=false mTopActivityMediaSize=null 
mTopActivityRecordName=ActivityRecord{7ce4aec u0 com.tarumi.reader.debug/org.acra.dialog.CrashReportDialog t2036} 
mTopActivityOrientation=-1}
06-17 14:25:59.730  2601  8773 D WindowManager: wms.Input focus has changed to Window{28f7a09 u0 
com.tarumi.reader.debug/org.acra.dialog.CrashReportDialog} display=0 updateInputWindows = true
06-17 14:25:59.731  2601  9225 D MiuiEmbeddingWindow: isOpaqueActivity: ActivityRecord{7ce4aec u0 
com.tarumi.reader.debug/org.acra.dialog.CrashReportDialog t2036} is not embeddedfalse false
06-17 14:25:59.731  2601  9225 D MiuiEmbeddingWindow: isOpaqueActivity: ActivityRecord{7ce4aec u0 
com.tarumi.reader.debug/org.acra.dialog.CrashReportDialog t2036} is not embeddedfalse false
06-17 14:25:59.731  2601  9225 D MiuiEmbeddingWindow: isOpaqueActivity: ActivityRecord{7ce4aec u0 
com.tarumi.reader.debug/org.acra.dialog.CrashReportDialog t2036} is not embeddedfalse false
06-17 14:25:59.731  2601  5824 D MiuiEmbeddingWindow: isOpaqueActivity: ActivityRecord{7ce4aec u0 
com.tarumi.reader.debug/org.acra.dialog.CrashReportDialog t2036} is not embeddedfalse false
06-17 14:25:59.731  2601  5824 D MiuiEmbeddingWindow: isOpaqueActivity: ActivityRecord{7ce4aec u0 
com.tarumi.reader.debug/org.acra.dialog.CrashReportDialog t2036} is not embeddedfalse false
06-17 14:25:59.731  2601  5824 D MiuiEmbeddingWindow: isOpaqueActivity: ActivityRecord{7ce4aec u0 
com.tarumi.reader.debug/org.acra.dialog.CrashReportDialog t2036} is not embeddedfalse false
06-17 14:25:59.731  2601  5824 D MiuiEmbeddingWindow: isOpaqueActivity: ActivityRecord{7ce4aec u0 
com.tarumi.reader.debug/org.acra.dialog.CrashReportDialog t2036} is not embeddedfalse false
06-17 14:25:59.731  2601  5824 D MiuiEmbeddingWindow: isOpaqueActivity: ActivityRecord{7ce4aec u0 
com.tarumi.reader.debug/org.acra.dialog.CrashReportDialog t2036} is not embeddedfalse false
06-17 14:25:59.731  2601  5824 D MiuiEmbeddingWindow: isOpaqueActivity: ActivityRecord{7ce4aec u0 
com.tarumi.reader.debug/org.acra.dialog.CrashReportDialog t2036} is not embeddedfalse false
06-17 14:25:59.732  4236  5633 W RecentsModel: getRunningTask   taskInfo=TaskInfo{userId=0 taskId=2036 displayId=0 
isRunning=true baseIntent=Intent { flg=0x10800000 cmp=com.tarumi.reader.debug/org.acra.dialog.CrashReportDialog } 
baseActivity=ComponentInfo{com.tarumi.reader.debug/org.acra.dialog.CrashReportDialog} 
topActivity=ComponentInfo{com.tarumi.reader.debug/org.acra.dialog.CrashReportDialog} origActivity=null 
realActivity=ComponentInfo{com.tarumi.reader.debug/org.acra.dialog.CrashReportDialog} numActivities=1 
lastActiveTime=1261712578 supportsSplitScreenMultiWindow=true mSoScDisplayMode=-1 supportsMultiWindow=true 
resizeMode=1 isResizeable=true minWidth=-1 minHeight=-1 defaultMinSize=200 
token=WCT{android.window.IWindowContainerToken$Stub$Proxy@adc3ce4} topActivityType=1 pictureInPictureParams=null 
shouldDockBigOverlays=false launchIntoPipHostTaskId=-1 lastParentTaskIdBeforePip=-1 displayCutoutSafeInsets=Rect(0, 
111 - 0, 0) topActivityInfo=ActivityInfo{6ab954d org.acra.dialog.CrashReportDialog} launchCookies=[] 
positionInParent=Point(0, 0) parentTaskId=-1 isFocused=true isVisible=false isVisibleRequested=true isSleeping=false 
locusId=null displayAreaFeatureId=1 isTopActivityTransparent=true appCompatTaskInfo=AppCompatTaskInfo { 
topActivityInSizeCompat=false topActivityInMiuiSizeCompat=false topActivityEligibleForLetterboxEducation= 
falseisLetterboxEducationEnabled= false isLetterboxDoubleTapEnabled= false 
topActivityEligibleForUserAspectRatioButton= false topActivityBoundsLetterboxed= false isFromLetterboxDoubleTap= false 
topActivityLetterboxVerticalPosition= -1 topActivityLetterboxHorizontalPosition= -1 topActivityLetterboxWidth=1080 
topActivityLetterboxHeight=2400 isUserFullscreenOverrideEnabled=false isSystemFullscreenOverrideEnabled=false 
cameraCompatTaskInfo=CameraCompatTaskInfo { cameraCompatControlState=hidden freeformCameraCompatMode=inactive}} 
isImmersive=false mTopActivityRequestOrientation=-2 mBehindAppLockPkg=null mOriginatingUid=0 isEmbedded=false 
shouldBeVisible=true isCreatedByOrganizer=false mIsCastMode=false mTopActivityMediaSize=null 
mTopActivityRecordName=ActivityRecord{7ce4aec u0 com.tarumi.reader.debug/org.acra.dialog.CrashReportDialog t2036} 
mTopActivityOrientation=-1}
06-17 14:25:59.726  6240  6240 W ader.debug:acra: type=1400 audit(0.0:948792): avc:  denied  { read } for  
name="u:object_r:vendor_display_prop:s0" dev="tmpfs" ino=462 scontext=u:r:untrusted_app:s0:c34,c260,c512,c768 
tcontext=u:object_r:vendor_display_prop:s0 tclass=file permissive=0
06-17 14:25:59.726  6240  6240 W ader.debug:acra: type=1400 audit(0.0:948793): avc:  denied  { read } for  
name="u:object_r:vendor_display_prop:s0" dev="tmpfs" ino=462 scontext=u:r:untrusted_app:s0:c34,c260,c512,c768 
tcontext=u:object_r:vendor_display_prop:s0 tclass=file permissive=0
06-17 14:25:59.733  6240  6240 I ader.debug:acra: πÇÉMiuiBoosterUtilsπÇæcheckUtil disable.
06-17 14:25:59.733  6240  6240 I ader.debug:acra: πÇÉMiuiBoosterUtilsπÇæpackage permission check disable.
06-17 14:25:59.733  6240  6240 I ader.debug:acra: πÇÉMiuiBoosterUtilsπÇæget Service disable.
06-17 14:25:59.734  6240 22575 I ader.debug:acra: πÇÉMiuiBoosterUtilsπÇæimprove disable.
06-17 14:25:59.746  2601  5824 D MiuiEmbeddingWindow: isOpaqueActivity: ActivityRecord{7ce4aec u0 
com.tarumi.reader.debug/org.acra.dialog.CrashReportDialog t2036} is not embeddedfalse false
06-17 14:25:59.746  2601  5824 D MiuiEmbeddingWindow: isOpaqueActivity: ActivityRecord{7ce4aec u0 
com.tarumi.reader.debug/org.acra.dialog.CrashReportDialog t2036} is not embeddedfalse false
06-17 14:25:59.746  2601  5824 D MiuiEmbeddingWindow: isOpaqueActivity: ActivityRecord{7ce4aec u0 
com.tarumi.reader.debug/org.acra.dialog.CrashReportDialog t2036} is not embeddedfalse false
06-17 14:25:59.746  2601  5824 D MiuiEmbeddingWindow: isOpaqueActivity: ActivityRecord{7ce4aec u0 
com.tarumi.reader.debug/org.acra.dialog.CrashReportDialog t2036} is not embeddedfalse false
06-17 14:25:59.748  4236  5633 E ActivityManagerWrapper:  mainTaskId=2036   userId=0   windowMode=1   
isExcludedFromRecents=true   baseIntent=Intent { act=null flag=276824064 
cmp=ComponentInfo{com.tarumi.reader.debug/org.acra.dialog.CrashReportDialog} }
06-17 14:25:59.749  2601  2657 D WindowManager: wms.finishDrawingLocked: mDrawState=COMMIT_DRAW_PENDING Window{28f7a09 
u0 com.tarumi.reader.debug/org.acra.dialog.CrashReportDialog} in 
Surface(name=com.tarumi.reader.debug/org.acra.dialog.CrashReportDialog#232634)/@0x621cf62
06-17 14:25:59.753  2601  8773 D MiuiEmbeddingWindow: isOpaqueActivity: ActivityRecord{7ce4aec u0 
com.tarumi.reader.debug/org.acra.dialog.CrashReportDialog t2036} is not embeddedfalse false
06-17 14:25:59.753  2601  8773 D MiuiEmbeddingWindow: isOpaqueActivity: ActivityRecord{7ce4aec u0 
com.tarumi.reader.debug/org.acra.dialog.CrashReportDialog t2036} is not embeddedfalse false
06-17 14:25:59.753  2601  8773 D MiuiEmbeddingWindow: isOpaqueActivity: ActivityRecord{7ce4aec u0 
com.tarumi.reader.debug/org.acra.dialog.CrashReportDialog t2036} is not embeddedfalse false
06-17 14:25:59.754  4236  5633 W RecentsModel: getRunningTask   taskInfo=TaskInfo{userId=0 taskId=2036 displayId=0 
isRunning=true baseIntent=Intent { flg=0x10800000 cmp=com.tarumi.reader.debug/org.acra.dialog.CrashReportDialog } 
baseActivity=ComponentInfo{com.tarumi.reader.debug/org.acra.dialog.CrashReportDialog} 
topActivity=ComponentInfo{com.tarumi.reader.debug/org.acra.dialog.CrashReportDialog} origActivity=null 
realActivity=ComponentInfo{com.tarumi.reader.debug/org.acra.dialog.CrashReportDialog} numActivities=1 
lastActiveTime=1261712601 supportsSplitScreenMultiWindow=true mSoScDisplayMode=-1 supportsMultiWindow=true 
resizeMode=1 isResizeable=true minWidth=-1 minHeight=-1 defaultMinSize=200 
token=WCT{android.window.IWindowContainerToken$Stub$Proxy@cc6a513} topActivityType=1 pictureInPictureParams=null 
shouldDockBigOverlays=false launchIntoPipHostTaskId=-1 lastParentTaskIdBeforePip=-1 displayCutoutSafeInsets=Rect(0, 
111 - 0, 0) topActivityInfo=ActivityInfo{6924350 org.acra.dialog.CrashReportDialog} launchCookies=[] 
positionInParent=Point(0, 0) parentTaskId=-1 isFocused=true isVisible=false isVisibleRequested=true isSleeping=false 
locusId=null displayAreaFeatureId=1 isTopActivityTransparent=true appCompatTaskInfo=AppCompatTaskInfo { 
topActivityInSizeCompat=false topActivityInMiuiSizeCompat=false topActivityEligibleForLetterboxEducation= 
falseisLetterboxEducationEnabled= false isLetterboxDoubleTapEnabled= false 
topActivityEligibleForUserAspectRatioButton= false topActivityBoundsLetterboxed= false isFromLetterboxDoubleTap= false 
topActivityLetterboxVerticalPosition= -1 topActivityLetterboxHorizontalPosition= -1 topActivityLetterboxWidth=1080 
topActivityLetterboxHeight=2400 isUserFullscreenOverrideEnabled=false isSystemFullscreenOverrideEnabled=false 
cameraCompatTaskInfo=CameraCompatTaskInfo { cameraCompatControlState=hidden freeformCameraCompatMode=inactive}} 
isImmersive=false mTopActivityRequestOrientation=-2 mBehindAppLockPkg=null mOriginatingUid=0 isEmbedded=false 
shouldBeVisible=true isCreatedByOrganizer=false mIsCastMode=false mTopActivityMediaSize=null 
mTopActivityRecordName=ActivityRecord{7ce4aec u0 com.tarumi.reader.debug/org.acra.dialog.CrashReportDialog t2036} 
mTopActivityOrientation=-1}
06-17 14:25:59.764  2601  2657 D MiuiEmbeddingWindow: isOpaqueActivity: ActivityRecord{7ce4aec u0 
com.tarumi.reader.debug/org.acra.dialog.CrashReportDialog t2036} is not embeddedfalse false
06-17 14:25:59.764  2601  2657 D MiuiEmbeddingWindow: isOpaqueActivity: ActivityRecord{7ce4aec u0 
com.tarumi.reader.debug/org.acra.dialog.CrashReportDialog t2036} is not embeddedfalse false
06-17 14:25:59.764  2601  2657 D MiuiEmbeddingWindow: isOpaqueActivity: ActivityRecord{7ce4aec u0 
com.tarumi.reader.debug/org.acra.dialog.CrashReportDialog t2036} is not embeddedfalse false
06-17 14:25:59.764  2601  2657 D MiuiEmbeddingWindow: isOpaqueActivity: ActivityRecord{7ce4aec u0 
com.tarumi.reader.debug/org.acra.dialog.CrashReportDialog t2036} is not embeddedfalse false
06-17 14:25:59.765  6240  6240 D Activity: Activity = ActivityInfo{a1d89dd org.acra.dialog.CrashReportDialog}, Resume 
onConfigurationChanged = {1.0 515mcc2mnc [en_US] ldltr sw393dp w393dp h873dp 440dpi nrml long hdr widecg port night 
finger -keyb/v/h -nav/h winConfig={ mBounds=Rect(0, 0 - 1080, 2400) mAppBounds=Rect(0, 0 - 1080, 2400) 
mMaxBounds=Rect(0, 0 - 1080, 2400) mDisplayRotation=ROTATION_0 mWindowingMode=fullscreen mActivityType=standard 
mAlwaysOnTop=undefined mRotation=ROTATION_0 mInSplitScreen=false letterBoxed=false foScaled=false 
isSpecificEmbedded=false} as.10 s.2 fontWeightAdjustment=0/d themeChanged=0 themeChangedFlags=0 display=0 extraData = 
Bundle[{}] screenType=0/0}
06-17 14:25:59.766  4236  5633 E ActivityManagerWrapper:  mainTaskId=2036   userId=0   windowMode=1   
isExcludedFromRecents=true   baseIntent=Intent { act=null flag=276824064 
cmp=ComponentInfo{com.tarumi.reader.debug/org.acra.dialog.CrashReportDialog} }
06-17 14:25:59.775  4236  5633 D RecentsTaskLoader: reloadTasksData [TaskKey{id=2036, stackId=0, baseIntent=Intent { 
flg=0x10800000 cmp=com.tarumi.reader.debug/org.acra.dialog.CrashReportDialog }, userId=0, lastActiveTime=1261712538, 
windowingMode=1, isThumbnailBlur=false, isAccessLocked=false, isScreening=false, 
topActivity=ComponentInfo{com.tarumi.reader.debug/org.acra.dialog.CrashReportDialog}, mHashCode=61578028}, 
title=Tarumi, titleDescription=Tarumi, bounds=null, isLaunchTarget=true, isStackTask=true, isSystemApp=false, 
isDockable=true, baseActivity=ComponentInfo{com.tarumi.reader.debug/org.acra.dialog.CrashReportDialog}, 
isLocked=false, mNeedHide=false, hasMultipleTasks=false, cti1Key=, cti2Key=, cti1Task=, cti2Task=] 
06-17 14:25:59.778  4236  5633 D RecentsTaskLoader: reloadTasksData [TaskKey{id=2036, stackId=0, baseIntent=Intent { 
flg=0x10800000 cmp=com.tarumi.reader.debug/org.acra.dialog.CrashReportDialog }, userId=0, lastActiveTime=1261712538, 
windowingMode=1, isThumbnailBlur=false, isAccessLocked=false, isScreening=false, 
topActivity=ComponentInfo{com.tarumi.reader.debug/org.acra.dialog.CrashReportDialog}, mHashCode=61578028}, 
title=Tarumi, titleDescription=Tarumi, bounds=null, isLaunchTarget=true, isStackTask=true, isSystemApp=false, 
isDockable=true, baseActivity=ComponentInfo{com.tarumi.reader.debug/org.acra.dialog.CrashReportDialog}, 
isLocked=false, mNeedHide=false, hasMultipleTasks=false, cti1Key=, cti2Key=, cti1Task=, cti2Task=] 
06-17 14:25:59.789  6240  6240 I ader.debug:acra: πÇÉMiuiBoosterUtilsπÇæcheckUtil disable.
06-17 14:25:59.789  6240  6240 I ader.debug:acra: πÇÉMiuiBoosterUtilsπÇæpackage permission check disable.
06-17 14:25:59.789  6240  6240 I ader.debug:acra: πÇÉMiuiBoosterUtilsπÇæget Service disable.
06-17 14:25:59.791  6240 22580 I ader.debug:acra: πÇÉMiuiBoosterUtilsπÇæimprove disable.
06-17 14:25:59.795  2601  5607 D WindowManager: wms.finishDrawingLocked: mDrawState=COMMIT_DRAW_PENDING Window{8b00b72 
u0 com.tarumi.reader.debug/org.acra.dialog.CrashReportDialog} in 
Surface(name=com.tarumi.reader.debug/org.acra.dialog.CrashReportDialog#232638)/@0x72f790c
06-17 14:25:59.809  4236  4236 D RecentsImpl: mActivityStateObserver org.acra.dialog.CrashReportDialog
06-17 14:25:59.810  2601  2755 I SmartPower: com.tarumi.reader.debug:acra/11058(6240): invisible->visible(11934ms) 
R(become visible) adj=0.
06-17 14:25:59.811  2601  2755 I WindowManager: wms.showSurfaceRobustly mWin:Window{28f7a09 u0 
com.tarumi.reader.debug/org.acra.dialog.CrashReportDialog}
06-17 14:25:59.811  2601  2755 I WindowManager: wms.showSurfaceRobustly mWin:Window{8b00b72 u0 
com.tarumi.reader.debug/org.acra.dialog.CrashReportDialog}
06-17 14:25:59.814  4236  4236 W RecentsImpl: updateGestureWindowVisibleImpl, 
className=org.acra.dialog.CrashReportDialog
06-17 14:25:59.816  2601  2755 D MiuiEmbeddingWindow: isOpaqueActivity: ActivityRecord{7ce4aec u0 
com.tarumi.reader.debug/org.acra.dialog.CrashReportDialog t2036} is not embeddedfalse false
06-17 14:25:59.817  2601  2755 D MiuiEmbeddingWindow: isOpaqueActivity: ActivityRecord{7ce4aec u0 
com.tarumi.reader.debug/org.acra.dialog.CrashReportDialog t2036} is not embeddedfalse false
06-17 14:25:59.817  2601  2755 I Transition: set flag to skip the keyguard Animation, ar=ActivityRecord{7ce4aec u0 
com.tarumi.reader.debug/org.acra.dialog.CrashReportDialog t2036}
06-17 14:25:59.829  2601  2755 D MiuiEmbeddingWindow: isOpaqueActivity: ActivityRecord{7ce4aec u0 
com.tarumi.reader.debug/org.acra.dialog.CrashReportDialog t2036} is not embeddedfalse false
06-17 14:25:59.831  4757  4945 D MiuiFreeformModeController: onFocusTaskChanged taskInfo: TaskInfo{userId=0 
taskId=2036 displayId=0 isRunning=true baseIntent=Intent { flg=0x10800000 
cmp=com.tarumi.reader.debug/org.acra.dialog.CrashReportDialog } 
baseActivity=ComponentInfo{com.tarumi.reader.debug/org.acra.dialog.CrashReportDialog} 
topActivity=ComponentInfo{com.tarumi.reader.debug/org.acra.dialog.CrashReportDialog} origActivity=null 
realActivity=ComponentInfo{com.tarumi.reader.debug/org.acra.dialog.CrashReportDialog} numActivities=1 
lastActiveTime=1261712538 supportsSplitScreenMultiWindow=true mSoScDisplayMode=-1 supportsMultiWindow=true 
resizeMode=1 isResizeable=true minWidth=-1 minHeight=-1 defaultMinSize=200 
token=WCT{android.window.IWindowContainerToken$Stub$Proxy@1af4985} topActivityType=1 pictureInPictureParams=null 
shouldDockBigOverlays=false launchIntoPipHostTaskId=-1 lastParentTaskIdBeforePip=-1 displayCutoutSafeInsets=Rect(0, 
111 - 0, 0) topActivityInfo=ActivityInfo{1e703da org.acra.dialog.CrashReportDialog} launchCookies=[] 
positionInParent=Point(0, 0) parentTaskId=-1 isFocused=true isVisible=true isVisibleRequested=true isSleeping=false 
locusId=null displayAreaFeatureId=1 isTopActivityTransparent=true appCompatTaskInfo=AppCompatTaskInfo { 
topActivityInSizeCompat=false topActivityInMiuiSizeCompat=false topActivityEligibleForLetterboxEducation= 
falseisLetterboxEducationEnabled= false isLetterboxDoubleTapEnabled= false 
topActivityEligibleForUserAspectRatioButton= false topActivityBoundsLetterboxed= false isFromLetterboxDoubleTap= false 
topActivityLetterboxVerticalPosition= -1 topActivityLetterboxHorizontalPosition= -1 topActivityLetterboxWidth=1080 
topActivityLetterboxHeight=2400 isUserFullscreenOverrideEnabled=false isSystemFullscreenOverrideEnabled=false 
cameraCompatTaskInfo=CameraCompatTaskInfo { cameraCompatControlState=hidden freeformCameraCompatMode=inactive}} 
isImmersive=false mTopActivityRequestOrientation=-2 mBehindAppLockPkg=null mOriginatingUid=0 isEmbedded=false 
shouldBeVisible=true isCreatedByOrganizer=false mIsCastMode=false mTopActivityMediaSize=null 
mTopActivityRecordName=ActivityRecord{7ce4aec u0 com.tarumi.reader.debug/org.acra.dialog.CrashReportDialog t2036} 
mTopActivityOrientation=-1}
06-17 14:25:59.832  2601  4914 D MiuiEmbeddingWindow: isOpaqueActivity: ActivityRecord{7ce4aec u0 
com.tarumi.reader.debug/org.acra.dialog.CrashReportDialog t2036} is not embeddedfalse false
06-17 14:25:59.832  2601  4914 D MiuiEmbeddingWindow: isOpaqueActivity: ActivityRecord{7ce4aec u0 
com.tarumi.reader.debug/org.acra.dialog.CrashReportDialog t2036} is not embeddedfalse false
06-17 14:25:59.832  2601  4914 D MiuiEmbeddingWindow: isOpaqueActivity: ActivityRecord{7ce4aec u0 
com.tarumi.reader.debug/org.acra.dialog.CrashReportDialog t2036} is not embeddedfalse false
06-17 14:25:59.833  2601  2755 D MiuiEmbeddingWindow: isOpaqueActivity: ActivityRecord{7ce4aec u0 
com.tarumi.reader.debug/org.acra.dialog.CrashReportDialog t2036} is not embeddedfalse false
06-17 14:25:59.833  2601  2755 D MiuiEmbeddingWindow: isOpaqueActivity: ActivityRecord{7ce4aec u0 
com.tarumi.reader.debug/org.acra.dialog.CrashReportDialog t2036} is not embeddedfalse false
06-17 14:25:59.833  4236  5633 W RecentsModel: getRunningTask   taskInfo=TaskInfo{userId=0 taskId=2036 displayId=0 
isRunning=true baseIntent=Intent { flg=0x10800000 cmp=com.tarumi.reader.debug/org.acra.dialog.CrashReportDialog } 
baseActivity=ComponentInfo{com.tarumi.reader.debug/org.acra.dialog.CrashReportDialog} 
topActivity=ComponentInfo{com.tarumi.reader.debug/org.acra.dialog.CrashReportDialog} origActivity=null 
realActivity=ComponentInfo{com.tarumi.reader.debug/org.acra.dialog.CrashReportDialog} numActivities=1 
lastActiveTime=1261712680 supportsSplitScreenMultiWindow=true mSoScDisplayMode=-1 supportsMultiWindow=true 
resizeMode=1 isResizeable=true minWidth=-1 minHeight=-1 defaultMinSize=200 
token=WCT{android.window.IWindowContainerToken$Stub$Proxy@14a5b2} topActivityType=1 pictureInPictureParams=null 
shouldDockBigOverlays=false launchIntoPipHostTaskId=-1 lastParentTaskIdBeforePip=-1 displayCutoutSafeInsets=Rect(0, 
111 - 0, 0) topActivityInfo=ActivityInfo{cf2f903 org.acra.dialog.CrashReportDialog} launchCookies=[] 
positionInParent=Point(0, 0) parentTaskId=-1 isFocused=true isVisible=true isVisibleRequested=true isSleeping=false 
locusId=null displayAreaFeatureId=1 isTopActivityTransparent=true appCompatTaskInfo=AppCompatTaskInfo { 
topActivityInSizeCompat=false topActivityInMiuiSizeCompat=false topActivityEligibleForLetterboxEducation= 
falseisLetterboxEducationEnabled= false isLetterboxDoubleTapEnabled= false 
topActivityEligibleForUserAspectRatioButton= false topActivityBoundsLetterboxed= false isFromLetterboxDoubleTap= false 
topActivityLetterboxVerticalPosition= -1 topActivityLetterboxHorizontalPosition= -1 topActivityLetterboxWidth=1080 
topActivityLetterboxHeight=2400 isUserFullscreenOverrideEnabled=false isSystemFullscreenOverrideEnabled=false 
cameraCompatTaskInfo=CameraCompatTaskInfo { cameraCompatControlState=hidden freeformCameraCompatMode=inactive}} 
isImmersive=false mTopActivityRequestOrientation=-2 mBehindAppLockPkg=null mOriginatingUid=0 isEmbedded=false 
shouldBeVisible=true isCreatedByOrganizer=false mIsCastMode=false mTopActivityMediaSize=null 
mTopActivityRecordName=ActivityRecord{7ce4aec u0 com.tarumi.reader.debug/org.acra.dialog.CrashReportDialog t2036} 
mTopActivityOrientation=-1}
06-17 14:25:59.836  2601  2755 D MiuiEmbeddingWindow: isOpaqueActivity: ActivityRecord{7ce4aec u0 
com.tarumi.reader.debug/org.acra.dialog.CrashReportDialog t2036} is not embeddedfalse false
06-17 14:25:59.836  2601  2755 D MiuiEmbeddingWindow: isOpaqueActivity: ActivityRecord{7ce4aec u0 
com.tarumi.reader.debug/org.acra.dialog.CrashReportDialog t2036} is not embeddedfalse false
06-17 14:25:59.836  2601  2755 D MiuiEmbeddingWindow: isOpaqueActivity: ActivityRecord{7ce4aec u0 
com.tarumi.reader.debug/org.acra.dialog.CrashReportDialog t2036} is not embeddedfalse false
06-17 14:25:59.836  2601  2755 D MiuiEmbeddingWindow: isOpaqueActivity: ActivityRecord{7ce4aec u0 
com.tarumi.reader.debug/org.acra.dialog.CrashReportDialog t2036} is not embeddedfalse false
06-17 14:25:59.838  2601  4914 D MiuiEmbeddingWindow: isOpaqueActivity: ActivityRecord{7ce4aec u0 
com.tarumi.reader.debug/org.acra.dialog.CrashReportDialog t2036} is not embeddedfalse false
06-17 14:25:59.838  2601  4914 D MiuiEmbeddingWindow: isOpaqueActivity: ActivityRecord{7ce4aec u0 
com.tarumi.reader.debug/org.acra.dialog.CrashReportDialog t2036} is not embeddedfalse false
06-17 14:25:59.838  2601  4914 D MiuiEmbeddingWindow: isOpaqueActivity: ActivityRecord{7ce4aec u0 
com.tarumi.reader.debug/org.acra.dialog.CrashReportDialog t2036} is not embeddedfalse false
06-17 14:25:59.838  2601  4914 D MiuiEmbeddingWindow: isOpaqueActivity: ActivityRecord{7ce4aec u0 
com.tarumi.reader.debug/org.acra.dialog.CrashReportDialog t2036} is not embeddedfalse false
06-17 14:25:59.842  4236  5633 E ActivityManagerWrapper:  mainTaskId=2036   userId=0   windowMode=1   
isExcludedFromRecents=true   baseIntent=Intent { act=null flag=276824064 
cmp=ComponentInfo{com.tarumi.reader.debug/org.acra.dialog.CrashReportDialog} }
06-17 14:25:59.843  2601  5824 D MiuiEmbeddingWindow: isOpaqueActivity: ActivityRecord{7ce4aec u0 
com.tarumi.reader.debug/org.acra.dialog.CrashReportDialog t2036} is not embeddedfalse false
06-17 14:25:59.843  2601  5824 D MiuiEmbeddingWindow: isOpaqueActivity: ActivityRecord{7ce4aec u0 
com.tarumi.reader.debug/org.acra.dialog.CrashReportDialog t2036} is not embeddedfalse false
06-17 14:25:59.843  2601  5824 D MiuiEmbeddingWindow: isOpaqueActivity: ActivityRecord{7ce4aec u0 
com.tarumi.reader.debug/org.acra.dialog.CrashReportDialog t2036} is not embeddedfalse false
06-17 14:25:59.843  4236  5633 W RecentsModel: getRunningTask   taskInfo=TaskInfo{userId=0 taskId=2036 displayId=0 
isRunning=true baseIntent=Intent { flg=0x10800000 cmp=com.tarumi.reader.debug/org.acra.dialog.CrashReportDialog } 
baseActivity=ComponentInfo{com.tarumi.reader.debug/org.acra.dialog.CrashReportDialog} 
topActivity=ComponentInfo{com.tarumi.reader.debug/org.acra.dialog.CrashReportDialog} origActivity=null 
realActivity=ComponentInfo{com.tarumi.reader.debug/org.acra.dialog.CrashReportDialog} numActivities=1 
lastActiveTime=1261712690 supportsSplitScreenMultiWindow=true mSoScDisplayMode=-1 supportsMultiWindow=true 
resizeMode=1 isResizeable=true minWidth=-1 minHeight=-1 defaultMinSize=200 
token=WCT{android.window.IWindowContainerToken$Stub$Proxy@6a52080} topActivityType=1 pictureInPictureParams=null 
shouldDockBigOverlays=false launchIntoPipHostTaskId=-1 lastParentTaskIdBeforePip=-1 displayCutoutSafeInsets=Rect(0, 
111 - 0, 0) topActivityInfo=ActivityInfo{73606b9 org.acra.dialog.CrashReportDialog} launchCookies=[] 
positionInParent=Point(0, 0) parentTaskId=-1 isFocused=true isVisible=true isVisibleRequested=true isSleeping=false 
locusId=null displayAreaFeatureId=1 isTopActivityTransparent=true appCompatTaskInfo=AppCompatTaskInfo { 
topActivityInSizeCompat=false topActivityInMiuiSizeCompat=false topActivityEligibleForLetterboxEducation= 
falseisLetterboxEducationEnabled= false isLetterboxDoubleTapEnabled= false 
topActivityEligibleForUserAspectRatioButton= false topActivityBoundsLetterboxed= false isFromLetterboxDoubleTap= false 
topActivityLetterboxVerticalPosition= -1 topActivityLetterboxHorizontalPosition= -1 topActivityLetterboxWidth=1080 
topActivityLetterboxHeight=2400 isUserFullscreenOverrideEnabled=false isSystemFullscreenOverrideEnabled=false 
cameraCompatTaskInfo=CameraCompatTaskInfo { cameraCompatControlState=hidden freeformCameraCompatMode=inactive}} 
isImmersive=false mTopActivityRequestOrientation=-2 mBehindAppLockPkg=null mOriginatingUid=0 isEmbedded=false 
shouldBeVisible=true isCreatedByOrganizer=false mIsCastMode=false mTopActivityMediaSize=null 
mTopActivityRecordName=ActivityRecord{7ce4aec u0 com.tarumi.reader.debug/org.acra.dialog.CrashReportDialog t2036} 
mTopActivityOrientation=-1}
06-17 14:25:59.844  2601  4914 D MiuiEmbeddingWindow: isOpaqueActivity: ActivityRecord{7ce4aec u0 
com.tarumi.reader.debug/org.acra.dialog.CrashReportDialog t2036} is not embeddedfalse false
06-17 14:25:59.844  2601  4914 D MiuiEmbeddingWindow: isOpaqueActivity: ActivityRecord{7ce4aec u0 
com.tarumi.reader.debug/org.acra.dialog.CrashReportDialog t2036} is not embeddedfalse false
06-17 14:25:59.844  2601  4914 D MiuiEmbeddingWindow: isOpaqueActivity: ActivityRecord{7ce4aec u0 
com.tarumi.reader.debug/org.acra.dialog.CrashReportDialog t2036} is not embeddedfalse false
06-17 14:25:59.844  2601  4914 D MiuiEmbeddingWindow: isOpaqueActivity: ActivityRecord{7ce4aec u0 
com.tarumi.reader.debug/org.acra.dialog.CrashReportDialog t2036} is not embeddedfalse false
06-17 14:25:59.846  4236  5633 E ActivityManagerWrapper:  mainTaskId=2036   userId=0   windowMode=1   
isExcludedFromRecents=true   baseIntent=Intent { act=null flag=276824064 
cmp=ComponentInfo{com.tarumi.reader.debug/org.acra.dialog.CrashReportDialog} }
06-17 14:25:59.846  4236  5633 D RecentsTaskLoader: reloadTasksData [TaskKey{id=2036, stackId=0, baseIntent=Intent { 
flg=0x10800000 cmp=com.tarumi.reader.debug/org.acra.dialog.CrashReportDialog }, userId=0, lastActiveTime=1261712538, 
windowingMode=1, isThumbnailBlur=false, isAccessLocked=false, isScreening=false, 
topActivity=ComponentInfo{com.tarumi.reader.debug/org.acra.dialog.CrashReportDialog}, mHashCode=61578028}, 
title=Tarumi, titleDescription=Tarumi, bounds=null, isLaunchTarget=true, isStackTask=true, isSystemApp=false, 
isDockable=true, baseActivity=ComponentInfo{com.tarumi.reader.debug/org.acra.dialog.CrashReportDialog}, 
isLocked=false, mNeedHide=false, hasMultipleTasks=false, cti1Key=, cti2Key=, cti1Task=, cti2Task=] 
06-17 14:25:59.846  4236  5633 D RecentsTaskLoader: reloadTasksData [TaskKey{id=2036, stackId=0, baseIntent=Intent { 
flg=0x10800000 cmp=com.tarumi.reader.debug/org.acra.dialog.CrashReportDialog }, userId=0, lastActiveTime=1261712538, 
windowingMode=1, isThumbnailBlur=false, isAccessLocked=false, isScreening=false, 
topActivity=ComponentInfo{com.tarumi.reader.debug/org.acra.dialog.CrashReportDialog}, mHashCode=61578028}, 
title=Tarumi, titleDescription=Tarumi, bounds=null, isLaunchTarget=true, isStackTask=true, isSystemApp=false, 
isDockable=true, baseActivity=ComponentInfo{com.tarumi.reader.debug/org.acra.dialog.CrashReportDialog}, 
isLocked=false, mNeedHide=false, hasMultipleTasks=false, cti1Key=, cti2Key=, cti1Task=, cti2Task=] 
06-17 14:26:00.154  2601  5824 D MiuiEmbeddingWindow: isOpaqueActivity: ActivityRecord{7ce4aec u0 
com.tarumi.reader.debug/org.acra.dialog.CrashReportDialog t2036} is not embeddedfalse false
06-17 14:26:00.183  2601  5824 D MiuiEmbeddingWindow: isOpaqueActivity: ActivityRecord{7ce4aec u0 
com.tarumi.reader.debug/org.acra.dialog.CrashReportDialog t2036} is not embeddedfalse false
06-17 14:26:00.183  2601  5824 D MiuiEmbeddingWindow: isOpaqueActivity: ActivityRecord{7ce4aec u0 
com.tarumi.reader.debug/org.acra.dialog.CrashReportDialog t2036} is not embeddedfalse false
06-17 14:26:00.183  2601  5824 D MiuiEmbeddingWindow: isOpaqueActivity: ActivityRecord{7ce4aec u0 
com.tarumi.reader.debug/org.acra.dialog.CrashReportDialog t2036} is not embeddedfalse false
06-17 14:26:00.183  2601  5824 D MiuiEmbeddingWindow: isOpaqueActivity: ActivityRecord{7ce4aec u0 
com.tarumi.reader.debug/org.acra.dialog.CrashReportDialog t2036} is not embeddedfalse false
06-17 14:26:00.183  2601  5824 D MiuiEmbeddingWindow: isOpaqueActivity: ActivityRecord{7ce4aec u0 
com.tarumi.reader.debug/org.acra.dialog.CrashReportDialog t2036} is not embeddedfalse false
06-17 14:26:00.184  2601  5824 D MiuiEmbeddingWindow: isOpaqueActivity: ActivityRecord{7ce4aec u0 
com.tarumi.reader.debug/org.acra.dialog.CrashReportDialog t2036} is not embeddedfalse false
06-17 14:26:00.184  2601  2755 D MiuiEmbeddingWindow: isOpaqueActivity: ActivityRecord{7ce4aec u0 
com.tarumi.reader.debug/org.acra.dialog.CrashReportDialog t2036} is not embeddedfalse false
06-17 14:26:00.184  2601  2755 D MiuiEmbeddingWindow: isOpaqueActivity: ActivityRecord{7ce4aec u0 
com.tarumi.reader.debug/org.acra.dialog.CrashReportDialog t2036} is not embeddedfalse false
06-17 14:26:00.184  2601  2755 D MiuiEmbeddingWindow: isOpaqueActivity: ActivityRecord{7ce4aec u0 
com.tarumi.reader.debug/org.acra.dialog.CrashReportDialog t2036} is not embeddedfalse false
06-17 14:26:00.184  2601  2755 D MiuiEmbeddingWindow: isOpaqueActivity: ActivityRecord{7ce4aec u0 
com.tarumi.reader.debug/org.acra.dialog.CrashReportDialog t2036} is not embeddedfalse false
06-17 14:26:00.211  2601  2755 D MiuiEmbeddingWindow: isOpaqueActivity: ActivityRecord{7ce4aec u0 
com.tarumi.reader.debug/org.acra.dialog.CrashReportDialog t2036} is not embeddedfalse false
06-17 14:26:00.212  2601  2755 D MiuiEmbeddingWindow: isOpaqueActivity: ActivityRecord{7ce4aec u0 
com.tarumi.reader.debug/org.acra.dialog.CrashReportDialog t2036} is not embeddedfalse false
06-17 14:26:00.212  2601  2755 D MiuiEmbeddingWindow: isOpaqueActivity: ActivityRecord{7ce4aec u0 
com.tarumi.reader.debug/org.acra.dialog.CrashReportDialog t2036} is not embeddedfalse false
06-17 14:26:00.212  2601  2755 D MiuiEmbeddingWindow: isOpaqueActivity: ActivityRecord{7ce4aec u0 
com.tarumi.reader.debug/org.acra.dialog.CrashReportDialog t2036} is not embeddedfalse false
06-17 14:26:00.215  2601  5607 D MiuiEmbeddingWindow: isOpaqueActivity: ActivityRecord{7ce4aec u0 
com.tarumi.reader.debug/org.acra.dialog.CrashReportDialog t2036} is not embeddedfalse false
06-17 14:26:00.215  2601  5607 D MiuiEmbeddingWindow: isOpaqueActivity: ActivityRecord{7ce4aec u0 
com.tarumi.reader.debug/org.acra.dialog.CrashReportDialog t2036} is not embeddedfalse false
06-17 14:26:00.215  2601  5607 D MiuiEmbeddingWindow: isOpaqueActivity: ActivityRecord{7ce4aec u0 
com.tarumi.reader.debug/org.acra.dialog.CrashReportDialog t2036} is not embeddedfalse false
06-17 14:26:00.224  4236  5633 W RecentsModel: getRunningTask   taskInfo=TaskInfo{userId=0 taskId=2036 displayId=0 
isRunning=true baseIntent=Intent { flg=0x10800000 cmp=com.tarumi.reader.debug/org.acra.dialog.CrashReportDialog } 
baseActivity=ComponentInfo{com.tarumi.reader.debug/org.acra.dialog.CrashReportDialog} 
topActivity=ComponentInfo{com.tarumi.reader.debug/org.acra.dialog.CrashReportDialog} origActivity=null 
realActivity=ComponentInfo{com.tarumi.reader.debug/org.acra.dialog.CrashReportDialog} numActivities=1 
lastActiveTime=1261713062 supportsSplitScreenMultiWindow=true mSoScDisplayMode=-1 supportsMultiWindow=true 
resizeMode=1 isResizeable=true minWidth=-1 minHeight=-1 defaultMinSize=200 
token=WCT{android.window.IWindowContainerToken$Stub$Proxy@4236afe} topActivityType=1 pictureInPictureParams=null 
shouldDockBigOverlays=false launchIntoPipHostTaskId=-1 lastParentTaskIdBeforePip=-1 displayCutoutSafeInsets=Rect(0, 
111 - 0, 0) topActivityInfo=ActivityInfo{c22225f org.acra.dialog.CrashReportDialog} launchCookies=[] 
positionInParent=Point(0, 0) parentTaskId=-1 isFocused=true isVisible=true isVisibleRequested=true isSleeping=false 
locusId=null displayAreaFeatureId=1 isTopActivityTransparent=true appCompatTaskInfo=AppCompatTaskInfo { 
topActivityInSizeCompat=false topActivityInMiuiSizeCompat=false topActivityEligibleForLetterboxEducation= 
falseisLetterboxEducationEnabled= false isLetterboxDoubleTapEnabled= false 
topActivityEligibleForUserAspectRatioButton= false topActivityBoundsLetterboxed= false isFromLetterboxDoubleTap= false 
topActivityLetterboxVerticalPosition= -1 topActivityLetterboxHorizontalPosition= -1 topActivityLetterboxWidth=1080 
topActivityLetterboxHeight=2400 isUserFullscreenOverrideEnabled=false isSystemFullscreenOverrideEnabled=false 
cameraCompatTaskInfo=CameraCompatTaskInfo { cameraCompatControlState=hidden freeformCameraCompatMode=inactive}} 
isImmersive=false mTopActivityRequestOrientation=-2 mBehindAppLockPkg=null mOriginatingUid=0 isEmbedded=false 
shouldBeVisible=true isCreatedByOrganizer=false mIsCastMode=false mTopActivityMediaSize=null 
mTopActivityRecordName=ActivityRecord{7ce4aec u0 com.tarumi.reader.debug/org.acra.dialog.CrashReportDialog t2036} 
mTopActivityOrientation=-1}
06-17 14:26:00.237  2601  8773 D MiuiEmbeddingWindow: isOpaqueActivity: ActivityRecord{7ce4aec u0 
com.tarumi.reader.debug/org.acra.dialog.CrashReportDialog t2036} is not embeddedfalse false
06-17 14:26:00.237  2601  8773 D MiuiEmbeddingWindow: isOpaqueActivity: ActivityRecord{7ce4aec u0 
com.tarumi.reader.debug/org.acra.dialog.CrashReportDialog t2036} is not embeddedfalse false
06-17 14:26:00.237  2601  8773 D MiuiEmbeddingWindow: isOpaqueActivity: ActivityRecord{7ce4aec u0 
com.tarumi.reader.debug/org.acra.dialog.CrashReportDialog t2036} is not embeddedfalse false
06-17 14:26:00.237  2601  8773 D MiuiEmbeddingWindow: isOpaqueActivity: ActivityRecord{7ce4aec u0 
com.tarumi.reader.debug/org.acra.dialog.CrashReportDialog t2036} is not embeddedfalse false
06-17 14:26:00.238  2601  2755 D MiuiEmbeddingWindow: isOpaqueActivity: ActivityRecord{7ce4aec u0 
com.tarumi.reader.debug/org.acra.dialog.CrashReportDialog t2036} is not embeddedfalse false
06-17 14:26:00.238  2601  2755 D MiuiEmbeddingWindow: isOpaqueActivity: ActivityRecord{7ce4aec u0 
com.tarumi.reader.debug/org.acra.dialog.CrashReportDialog t2036} is not embeddedfalse false
06-17 14:26:00.238  2601  2755 D MiuiEmbeddingWindow: isOpaqueActivity: ActivityRecord{7ce4aec u0 
com.tarumi.reader.debug/org.acra.dialog.CrashReportDialog t2036} is not embeddedfalse false
06-17 14:26:00.238  2601  2755 D MiuiEmbeddingWindow: isOpaqueActivity: ActivityRecord{7ce4aec u0 
com.tarumi.reader.debug/org.acra.dialog.CrashReportDialog t2036} is not embeddedfalse false
06-17 14:26:00.242  4236  5633 E ActivityManagerWrapper:  mainTaskId=2036   userId=0   windowMode=1   
isExcludedFromRecents=true   baseIntent=Intent { act=null flag=276824064 
cmp=ComponentInfo{com.tarumi.reader.debug/org.acra.dialog.CrashReportDialog} }
06-17 14:26:00.244  2601  8773 D MiuiEmbeddingWindow: isOpaqueActivity: ActivityRecord{7ce4aec u0 
com.tarumi.reader.debug/org.acra.dialog.CrashReportDialog t2036} is not embeddedfalse false
06-17 14:26:00.244  2601  8773 D MiuiEmbeddingWindow: isOpaqueActivity: ActivityRecord{7ce4aec u0 
com.tarumi.reader.debug/org.acra.dialog.CrashReportDialog t2036} is not embeddedfalse false
06-17 14:26:00.244  2601  8773 D MiuiEmbeddingWindow: isOpaqueActivity: ActivityRecord{7ce4aec u0 
com.tarumi.reader.debug/org.acra.dialog.CrashReportDialog t2036} is not embeddedfalse false
06-17 14:26:00.246  4236  5633 W RecentsModel: getRunningTask   taskInfo=TaskInfo{userId=0 taskId=2036 displayId=0 
isRunning=true baseIntent=Intent { flg=0x10800000 cmp=com.tarumi.reader.debug/org.acra.dialog.CrashReportDialog } 
baseActivity=ComponentInfo{com.tarumi.reader.debug/org.acra.dialog.CrashReportDialog} 
topActivity=ComponentInfo{com.tarumi.reader.debug/org.acra.dialog.CrashReportDialog} origActivity=null 
realActivity=ComponentInfo{com.tarumi.reader.debug/org.acra.dialog.CrashReportDialog} numActivities=1 
lastActiveTime=1261713091 supportsSplitScreenMultiWindow=true mSoScDisplayMode=-1 supportsMultiWindow=true 
resizeMode=1 isResizeable=true minWidth=-1 minHeight=-1 defaultMinSize=200 
token=WCT{android.window.IWindowContainerToken$Stub$Proxy@57bc4ac} topActivityType=1 pictureInPictureParams=null 
shouldDockBigOverlays=false launchIntoPipHostTaskId=-1 lastParentTaskIdBeforePip=-1 displayCutoutSafeInsets=Rect(0, 
111 - 0, 0) topActivityInfo=ActivityInfo{4a75575 org.acra.dialog.CrashReportDialog} launchCookies=[] 
positionInParent=Point(0, 0) parentTaskId=-1 isFocused=true isVisible=true isVisibleRequested=true isSleeping=false 
locusId=null displayAreaFeatureId=1 isTopActivityTransparent=true appCompatTaskInfo=AppCompatTaskInfo { 
topActivityInSizeCompat=false topActivityInMiuiSizeCompat=false topActivityEligibleForLetterboxEducation= 
falseisLetterboxEducationEnabled= false isLetterboxDoubleTapEnabled= false 
topActivityEligibleForUserAspectRatioButton= false topActivityBoundsLetterboxed= false isFromLetterboxDoubleTap= false 
topActivityLetterboxVerticalPosition= -1 topActivityLetterboxHorizontalPosition= -1 topActivityLetterboxWidth=1080 
topActivityLetterboxHeight=2400 isUserFullscreenOverrideEnabled=false isSystemFullscreenOverrideEnabled=false 
cameraCompatTaskInfo=CameraCompatTaskInfo { cameraCompatControlState=hidden freeformCameraCompatMode=inactive}} 
isImmersive=false mTopActivityRequestOrientation=-2 mBehindAppLockPkg=null mOriginatingUid=0 isEmbedded=false 
shouldBeVisible=true isCreatedByOrganizer=false mIsCastMode=false mTopActivityMediaSize=null 
mTopActivityRecordName=ActivityRecord{7ce4aec u0 com.tarumi.reader.debug/org.acra.dialog.CrashReportDialog t2036} 
mTopActivityOrientation=-1}
06-17 14:26:00.248  2601  5607 D MiuiEmbeddingWindow: isOpaqueActivity: ActivityRecord{7ce4aec u0 
com.tarumi.reader.debug/org.acra.dialog.CrashReportDialog t2036} is not embeddedfalse false
06-17 14:26:00.248  2601  5607 D MiuiEmbeddingWindow: isOpaqueActivity: ActivityRecord{7ce4aec u0 
com.tarumi.reader.debug/org.acra.dialog.CrashReportDialog t2036} is not embeddedfalse false
06-17 14:26:00.248  2601  5607 D MiuiEmbeddingWindow: isOpaqueActivity: ActivityRecord{7ce4aec u0 
com.tarumi.reader.debug/org.acra.dialog.CrashReportDialog t2036} is not embeddedfalse false
06-17 14:26:00.249  2601  5607 D MiuiEmbeddingWindow: isOpaqueActivity: ActivityRecord{7ce4aec u0 
com.tarumi.reader.debug/org.acra.dialog.CrashReportDialog t2036} is not embeddedfalse false
06-17 14:26:00.252  4236  5633 E ActivityManagerWrapper:  mainTaskId=2036   userId=0   windowMode=1   
isExcludedFromRecents=true   baseIntent=Intent { act=null flag=276824064 
cmp=ComponentInfo{com.tarumi.reader.debug/org.acra.dialog.CrashReportDialog} }
06-17 14:26:00.253  4236  5633 D RecentsTaskLoader: reloadTasksData [TaskKey{id=2036, stackId=0, baseIntent=Intent { 
flg=0x10800000 cmp=com.tarumi.reader.debug/org.acra.dialog.CrashReportDialog }, userId=0, lastActiveTime=1261712538, 
windowingMode=1, isThumbnailBlur=false, isAccessLocked=false, isScreening=false, 
topActivity=ComponentInfo{com.tarumi.reader.debug/org.acra.dialog.CrashReportDialog}, mHashCode=61578028}, 
title=Tarumi, titleDescription=Tarumi, bounds=null, isLaunchTarget=true, isStackTask=true, isSystemApp=false, 
isDockable=true, baseActivity=ComponentInfo{com.tarumi.reader.debug/org.acra.dialog.CrashReportDialog}, 
isLocked=false, mNeedHide=false, hasMultipleTasks=false, cti1Key=, cti2Key=, cti1Task=, cti2Task=] 
06-17 14:26:00.253  4236  5633 D RecentsTaskLoader: reloadTasksData [TaskKey{id=2036, stackId=0, baseIntent=Intent { 
flg=0x10800000 cmp=com.tarumi.reader.debug/org.acra.dialog.CrashReportDialog }, userId=0, lastActiveTime=1261712538, 
windowingMode=1, isThumbnailBlur=false, isAccessLocked=false, isScreening=false, 
topActivity=ComponentInfo{com.tarumi.reader.debug/org.acra.dialog.CrashReportDialog}, mHashCode=61578028}, 
title=Tarumi, titleDescription=Tarumi, bounds=null, isLaunchTarget=true, isStackTask=true, isSystemApp=false, 
isDockable=true, baseActivity=ComponentInfo{com.tarumi.reader.debug/org.acra.dialog.CrashReportDialog}, 
isLocked=false, mNeedHide=false, hasMultipleTasks=false, cti1Key=, cti2Key=, cti1Task=, cti2Task=] 
06-17 14:26:00.254  2601  2755 D MiuiEmbeddingWindow: isOpaqueActivity: ActivityRecord{7ce4aec u0 
com.tarumi.reader.debug/org.acra.dialog.CrashReportDialog t2036} is not embeddedfalse false
06-17 14:26:00.254  2601  2755 D MiuiEmbeddingWindow: isOpaqueActivity: ActivityRecord{7ce4aec u0 
com.tarumi.reader.debug/org.acra.dialog.CrashReportDialog t2036} is not embeddedfalse false
06-17 14:26:00.254  2601  2755 D MiuiEmbeddingWindow: isOpaqueActivity: ActivityRecord{7ce4aec u0 
com.tarumi.reader.debug/org.acra.dialog.CrashReportDialog t2036} is not embeddedfalse false
06-17 14:26:00.254  2601  2755 D MiuiEmbeddingWindow: isOpaqueActivity: ActivityRecord{7ce4aec u0 
com.tarumi.reader.debug/org.acra.dialog.CrashReportDialog t2036} is not embeddedfalse false
06-17 14:26:00.622  2601  2755 D MiuiEmbeddingWindow: isOpaqueActivity: ActivityRecord{7ce4aec u0 
com.tarumi.reader.debug/org.acra.dialog.CrashReportDialog t2036} is not embeddedfalse false
06-17 14:26:00.622  2601  2755 D MiuiEmbeddingWindow: isOpaqueActivity: ActivityRecord{7ce4aec u0 
com.tarumi.reader.debug/org.acra.dialog.CrashReportDialog t2036} is not embeddedfalse false
06-17 14:26:00.622  2601  2755 D MiuiEmbeddingWindow: isOpaqueActivity: ActivityRecord{7ce4aec u0 
com.tarumi.reader.debug/org.acra.dialog.CrashReportDialog t2036} is not embeddedfalse false
06-17 14:26:00.622  2601  2755 D MiuiEmbeddingWindow: isOpaqueActivity: ActivityRecord{7ce4aec u0 
com.tarumi.reader.debug/org.acra.dialog.CrashReportDialog t2036} is not embeddedfalse false
06-17 14:26:00.639  2601  2755 D MiuiEmbeddingWindow: isOpaqueActivity: ActivityRecord{7ce4aec u0 
com.tarumi.reader.debug/org.acra.dialog.CrashReportDialog t2036} is not embeddedfalse false
06-17 14:26:00.639  2601  2755 D MiuiEmbeddingWindow: isOpaqueActivity: ActivityRecord{7ce4aec u0 
com.tarumi.reader.debug/org.acra.dialog.CrashReportDialog t2036} is not embeddedfalse false
06-17 14:26:00.639  2601  2755 D MiuiEmbeddingWindow: isOpaqueActivity: ActivityRecord{7ce4aec u0 
com.tarumi.reader.debug/org.acra.dialog.CrashReportDialog t2036} is not embeddedfalse false
06-17 14:26:00.639  2601  2755 D MiuiEmbeddingWindow: isOpaqueActivity: ActivityRecord{7ce4aec u0 
com.tarumi.reader.debug/org.acra.dialog.CrashReportDialog t2036} is not embeddedfalse false
06-17 14:26:00.658  2601  2755 D MiuiEmbeddingWindow: isOpaqueActivity: ActivityRecord{7ce4aec u0 
com.tarumi.reader.debug/org.acra.dialog.CrashReportDialog t2036} is not embeddedfalse false
06-17 14:26:00.658  2601  2755 D MiuiEmbeddingWindow: isOpaqueActivity: ActivityRecord{7ce4aec u0 
com.tarumi.reader.debug/org.acra.dialog.CrashReportDialog t2036} is not embeddedfalse false
06-17 14:26:00.658  2601  2755 D MiuiEmbeddingWindow: isOpaqueActivity: ActivityRecord{7ce4aec u0 
com.tarumi.reader.debug/org.acra.dialog.CrashReportDialog t2036} is not embeddedfalse false
06-17 14:26:00.658  2601  2755 D MiuiEmbeddingWindow: isOpaqueActivity: ActivityRecord{7ce4aec u0 
com.tarumi.reader.debug/org.acra.dialog.CrashReportDialog t2036} is not embeddedfalse false
06-17 14:26:00.741  6240  6240 D InsetsController: cancelAnimation of types:2 animType=0 
host:com.tarumi.reader.debug/org.acra.dialog.CrashReportDialog invokeCallback=false
06-17 14:26:02.531 20297 20471 W System.err: FlagsHookHelper: skip hook flags method getInstanceHook
06-17 14:26:03.743 20297 21355 W System.err: FlagsHookHelper: skip hook flags method getInstanceHook
06-17 14:26:03.749 20297 21989 W System.err: FlagsHookHelper: skip hook flags method getInstanceHook
06-17 14:26:03.976 20297 22682 W System.err: FlagsHookHelper: skip hook flags method getInstanceHook
06-17 14:26:04.091 20297 21751 W System.err: FlagsHookHelper: skip hook flags method getInstanceHook
06-17 14:26:04.111 20297 20526 W System.err: FlagsHookHelper: skip hook flags method getInstanceHook
06-17 14:26:04.144 20297 21946 W System.err: FlagsHookHelper: skip hook flags method getInstanceHook
06-17 14:26:04.159 20297 20508 W System.err: FlagsHookHelper: skip hook flags method getInstanceHook
06-17 14:26:06.024 20297 21741 W System.err: FlagsHookHelper: skip hook flags method getInstanceHook
06-17 14:26:06.090 20297 21991 W System.err: FlagsHookHelper: skip hook flags method getInstanceHook
06-17 14:26:07.693 20297 21709 W System.err: FlagsHookHelper: skip hook flags method getInstanceHook
06-17 14:26:09.492  2601  2755 D MiuiEmbeddingWindow: isOpaqueActivity: ActivityRecord{7ce4aec u0 
com.tarumi.reader.debug/org.acra.dialog.CrashReportDialog t2036} is not embeddedfalse false
06-17 14:26:09.493  2601  2755 D MiuiEmbeddingWindow: isOpaqueActivity: ActivityRecord{7ce4aec u0 
com.tarumi.reader.debug/org.acra.dialog.CrashReportDialog t2036} is not embeddedfalse false
06-17 14:26:09.493  2601  2755 D MiuiEmbeddingWindow: isOpaqueActivity: ActivityRecord{7ce4aec u0 
com.tarumi.reader.debug/org.acra.dialog.CrashReportDialog t2036} is not embeddedfalse false
06-17 14:26:09.493  2601  2755 D MiuiEmbeddingWindow: isOpaqueActivity: ActivityRecord{7ce4aec u0 
com.tarumi.reader.debug/org.acra.dialog.CrashReportDialog t2036} is not embeddedfalse false
06-17 14:26:10.757 20297 22874 W System.err: FlagsHookHelper: skip hook flags method getInstanceHook
06-17 14:26:11.816  2601  2755 D MiuiEmbeddingWindow: isOpaqueActivity: ActivityRecord{7ce4aec u0 
com.tarumi.reader.debug/org.acra.dialog.CrashReportDialog t2036} is not embeddedfalse false
06-17 14:26:11.817  2601  2755 D MiuiEmbeddingWindow: isOpaqueActivity: ActivityRecord{7ce4aec u0 
com.tarumi.reader.debug/org.acra.dialog.CrashReportDialog t2036} is not embeddedfalse false
06-17 14:26:11.817  2601  2755 D MiuiEmbeddingWindow: isOpaqueActivity: ActivityRecord{7ce4aec u0 
com.tarumi.reader.debug/org.acra.dialog.CrashReportDialog t2036} is not embeddedfalse false
06-17 14:26:11.817  2601  2755 D MiuiEmbeddingWindow: isOpaqueActivity: ActivityRecord{7ce4aec u0 
com.tarumi.reader.debug/org.acra.dialog.CrashReportDialog t2036} is not embeddedfalse false
06-17 14:26:13.076 20297 22405 W System.err: FlagsHookHelper: skip hook flags method getInstanceHook
06-17 14:26:13.318  2601  2788 W ActivityManager: java.io.FileNotFoundException: 
/sys/fs/cgroup/uid_10336/pid_31777/cgroup.procs: open failed: ENOENT (No such file or directory)
06-17 14:26:13.318  2601  2788 W ActivityManager: Caused by: android.system.ErrnoException: open failed: ENOENT (No 
such file or directory)
06-17 14:26:13.321  2601  2788 W ActivityManager: java.io.FileNotFoundException: 
/sys/fs/cgroup/uid_10157/pid_23358/cgroup.procs: open failed: ENOENT (No such file or directory)
06-17 14:26:13.321  2601  2788 W ActivityManager: Caused by: android.system.ErrnoException: open failed: ENOENT (No 
such file or directory)
06-17 14:26:13.328  2601  2788 W ActivityManager: java.io.FileNotFoundException: 
/sys/fs/cgroup/uid_10604/pid_14073/cgroup.procs: open failed: ENOENT (No such file or directory)
06-17 14:26:13.328  2601  2788 W ActivityManager: Caused by: android.system.ErrnoException: open failed: ENOENT (No 
such file or directory)
06-17 14:26:13.333  2601  2788 W ActivityManager: java.io.FileNotFoundException: 
/sys/fs/cgroup/uid_10155/pid_6516/cgroup.procs: open failed: ENOENT (No such file or directory)
06-17 14:26:13.333  2601  2788 W ActivityManager: Caused by: android.system.ErrnoException: open failed: ENOENT (No 
such file or directory)
06-17 14:26:13.334  2601  2788 W ActivityManager: java.io.FileNotFoundException: 
/sys/fs/cgroup/uid_10215/pid_4875/cgroup.procs: open failed: ENOENT (No such file or directory)
06-17 14:26:13.334  2601  2788 W ActivityManager: Caused by: android.system.ErrnoException: open failed: ENOENT (No 
such file or directory)
06-17 14:26:13.336  2601  2788 W ActivityManager: java.io.FileNotFoundException: 
/sys/fs/cgroup/uid_10139/pid_3623/cgroup.procs: open failed: ENOENT (No such file or directory)
06-17 14:26:13.336  2601  2788 W ActivityManager: Caused by: android.system.ErrnoException: open failed: ENOENT (No 
such file or directory)
06-17 14:26:13.942 20297 21653 W System.err: FlagsHookHelper: skip hook flags method getInstanceHook
06-17 14:26:15.056  2601  2755 D MiuiEmbeddingWindow: isOpaqueActivity: ActivityRecord{7ce4aec u0 
com.tarumi.reader.debug/org.acra.dialog.CrashReportDialog t2036} is not embeddedfalse false
06-17 14:26:15.056  2601  2755 D MiuiEmbeddingWindow: isOpaqueActivity: ActivityRecord{7ce4aec u0 
com.tarumi.reader.debug/org.acra.dialog.CrashReportDialog t2036} is not embeddedfalse false
06-17 14:26:15.056  2601  2755 D MiuiEmbeddingWindow: isOpaqueActivity: ActivityRecord{7ce4aec u0 
com.tarumi.reader.debug/org.acra.dialog.CrashReportDialog t2036} is not embeddedfalse false
06-17 14:26:15.056  2601  2755 D MiuiEmbeddingWindow: isOpaqueActivity: ActivityRecord{7ce4aec u0 
com.tarumi.reader.debug/org.acra.dialog.CrashReportDialog t2036} is not embeddedfalse false
06-17 14:26:15.493  2601  2755 D MiuiEmbeddingWindow: isOpaqueActivity: ActivityRecord{7ce4aec u0 
com.tarumi.reader.debug/org.acra.dialog.CrashReportDialog t2036} is not embeddedfalse false
06-17 14:26:15.493  2601  2755 D MiuiEmbeddingWindow: isOpaqueActivity: ActivityRecord{7ce4aec u0 
com.tarumi.reader.debug/org.acra.dialog.CrashReportDialog t2036} is not embeddedfalse false
06-17 14:26:15.493  2601  2755 D MiuiEmbeddingWindow: isOpaqueActivity: ActivityRecord{7ce4aec u0 
com.tarumi.reader.debug/org.acra.dialog.CrashReportDialog t2036} is not embeddedfalse false
06-17 14:26:15.493  2601  2755 D MiuiEmbeddingWindow: isOpaqueActivity: ActivityRecord{7ce4aec u0 
com.tarumi.reader.debug/org.acra.dialog.CrashReportDialog t2036} is not embeddedfalse false
06-17 14:26:15.814  2601  2755 D MiuiEmbeddingWindow: isOpaqueActivity: ActivityRecord{7ce4aec u0 
com.tarumi.reader.debug/org.acra.dialog.CrashReportDialog t2036} is not embeddedfalse false
06-17 14:26:15.818  2601  2755 D MiuiEmbeddingWindow: isOpaqueActivity: ActivityRecord{7ce4aec u0 
com.tarumi.reader.debug/org.acra.dialog.CrashReportDialog t2036} is not embeddedfalse false
06-17 14:26:15.818  2601  2755 D MiuiEmbeddingWindow: isOpaqueActivity: ActivityRecord{7ce4aec u0 
com.tarumi.reader.debug/org.acra.dialog.CrashReportDialog t2036} is not embeddedfalse false
06-17 14:26:15.819  2601  2755 D MiuiEmbeddingWindow: isOpaqueActivity: ActivityRecord{7ce4aec u0 
com.tarumi.reader.debug/org.acra.dialog.CrashReportDialog t2036} is not embeddedfalse false
06-17 14:26:19.219 20297 22675 W System.err: FlagsHookHelper: skip hook flags method getInstanceHook
06-17 14:26:21.120 20297 21991 W System.err: FlagsHookHelper: skip hook flags method getInstanceHook


